2026-07-09 04:41:56,556 - INFO - Matplotlib 字体设置：使用回退字体列表，首选可用字体: Noto Sans CJK SC
2026-07-09 04:41:58,376 - INFO - 使用指定 ChromeDriver: /usr/bin/chromedriver
2026-07-09 04:41:58,448 - INFO - ddddocr 识别器初始化成功
2026-07-09 04:41:58,448 - INFO - 开始南京大学电费监控流程（自动无头模式）
2026-07-09 04:41:58,448 - INFO - 已初始化并清空验证码图片目录: /home/runner/work/nju_electric_monitor/nju_electric_monitor/src/../data/captcha_workflow
2026-07-09 04:41:58,449 - INFO - 正在打开页面: https://epay.nju.edu.cn/epay/h5/nju/electric/index
2026-07-09 04:42:09,427 - INFO - 等待登录表单加载...
2026-07-09 04:42:09,438 - INFO - 登录表单已加载
2026-07-09 04:42:09,438 - INFO - 开始填写登录表单...
2026-07-09 04:42:09,520 - INFO - 用户名填写完成
2026-07-09 04:42:09,585 - INFO - 密码填写完成
2026-07-09 04:42:09,585 - INFO - 开始处理验证码（两层嵌套重试）...
2026-07-09 04:42:09,585 - INFO - 外层页面重试 1/4
2026-07-09 04:42:09,585 - INFO - 等待登录表单加载...
2026-07-09 04:42:09,591 - INFO - 登录表单已加载
2026-07-09 04:42:09,591 - INFO - 开始填写登录表单...
2026-07-09 04:42:09,653 - INFO - 用户名填写完成
2026-07-09 04:42:09,714 - INFO - 密码填写完成
2026-07-09 04:42:10,715 - INFO - 查找验证码图片...
2026-07-09 04:42:10,738 - INFO - 找到验证码图片，开始截图...
2026-07-09 04:42:10,790 - INFO - 验证码图片截取成功
2026-07-09 04:42:10,790 - INFO - 验证码图片已保存到 /home/runner/work/nju_electric_monitor/nju_electric_monitor/src/../data/captcha_debug.png
2026-07-09 04:42:10,791 - INFO - 验证码图片已保存到 /home/runner/work/nju_electric_monitor/nju_electric_monitor/src/../data/captcha_workflow/captcha_outer1.png
2026-07-09 04:42:10,791 - INFO - 验证码识别（同一图片）尝试 1/3，外层 1/4
2026-07-09 04:42:10,791 - INFO - 开始使用 ddddocr 识别验证码...
2026-07-09 04:42:10,800 - INFO - ddddocr 最终验证码识别结果: VET3
2026-07-09 04:42:10,800 - INFO - 已将验证码图片重命名为: /home/runner/work/nju_electric_monitor/nju_electric_monitor/src/../data/captcha_workflow/VET3.png
2026-07-09 04:42:10,800 - INFO - 查找验证码输入框...
2026-07-09 04:42:10,849 - INFO - 通过 XPath 找到 1 个验证码候选输入框，使用第一个。
2026-07-09 04:42:10,899 - INFO - 验证码填写完成
2026-07-09 04:42:11,900 - INFO - 验证码填写完成，点击登录按钮...
2026-07-09 04:42:11,900 - INFO - 查找并点击登录按钮...
2026-07-09 04:42:11,925 - INFO - 通过 ID=login_submit 找到登录按钮
2026-07-09 04:42:16,024 - INFO - 已点击登录按钮
2026-07-09 04:42:25,062 - INFO - 未检测到验证码错误提示，验证码可能通过
2026-07-09 04:42:25,062 - INFO - 等待登录成功...
2026-07-09 04:42:25,070 - INFO - 检测到已跳转到电费页面: https://epay.nju.edu.cn/epay/h5/nju/electric/index
2026-07-09 04:42:25,070 - INFO - 查找'去充值'按钮...
2026-07-09 04:42:25,096 - INFO - 通过文本包含 '去充值' 找到充值按钮
2026-07-09 04:42:26,651 - INFO - 已点击充值按钮
2026-07-09 04:42:29,652 - INFO - 开始提取剩余电量信息...
2026-07-09 04:42:29,673 - INFO - 找到电量信息元素（已省略具体文本以保护隐私）
2026-07-09 04:42:29,673 - WARNING - 未在元素中找到标准格式的电量信息
2026-07-09 04:42:29,685 - INFO - 找到 i 标签中的电量信息（已省略具体文本）
2026-07-09 04:42:29,686 - WARNING - i标签中未找到标准格式的电量信息
2026-07-09 04:42:29,686 - WARNING - 未找到i标签中的电量信息
2026-07-09 04:42:29,688 - INFO - 在页面源码中查找电量信息...
2026-07-09 04:42:29,689 - INFO - 从页面源码中提取到剩余电量: 13.69 度
2026-07-09 04:42:29,702 - INFO - 数据已保存: 13.69 度
2026-07-09 04:42:29,937 - INFO - 电量变化曲线图已保存到: /home/runner/work/nju_electric_monitor/nju_electric_monitor/src/../data/electricity_trend.png
2026-07-09 04:42:30,140 - INFO - 最近20次电量变化曲线图已保存到: /home/runner/work/nju_electric_monitor/nju_electric_monitor/src/../data/recent_20_changes.png
2026-07-09 04:42:30,142 - INFO - 已将最近20次电费曲线图以内嵌方式添加到邮件: /home/runner/work/nju_electric_monitor/nju_electric_monitor/src/../data/recent_20_changes.png
2026-07-09 04:42:33,811 - INFO - 电量低于阈值（13.69 度），已发送邮件提醒到: ['1615372377@qq.com']
2026-07-09 04:42:34,004 - INFO - 监控流程完成
