2026-07-05 14:25:25,932 - INFO - Matplotlib 字体设置：使用回退字体列表，首选可用字体: Noto Sans CJK SC
2026-07-05 14:25:27,774 - INFO - 使用指定 ChromeDriver: /usr/bin/chromedriver
2026-07-05 14:25:27,852 - INFO - ddddocr 识别器初始化成功
2026-07-05 14:25:27,852 - INFO - 开始南京大学电费监控流程（自动无头模式）
2026-07-05 14:25:27,853 - INFO - 已初始化并清空验证码图片目录: /home/runner/work/nju_electric_monitor/nju_electric_monitor/src/../data/captcha_workflow
2026-07-05 14:25:27,853 - INFO - 正在打开页面: https://epay.nju.edu.cn/epay/h5/nju/electric/index
2026-07-05 14:25:43,109 - INFO - 等待登录表单加载...
2026-07-05 14:25:43,120 - INFO - 登录表单已加载
2026-07-05 14:25:43,120 - INFO - 开始填写登录表单...
2026-07-05 14:25:43,209 - INFO - 用户名填写完成
2026-07-05 14:25:43,282 - INFO - 密码填写完成
2026-07-05 14:25:43,282 - INFO - 开始处理验证码（两层嵌套重试）...
2026-07-05 14:25:43,282 - INFO - 外层页面重试 1/4
2026-07-05 14:25:43,282 - INFO - 等待登录表单加载...
2026-07-05 14:25:43,288 - INFO - 登录表单已加载
2026-07-05 14:25:43,288 - INFO - 开始填写登录表单...
2026-07-05 14:25:43,358 - INFO - 用户名填写完成
2026-07-05 14:25:43,426 - INFO - 密码填写完成
2026-07-05 14:25:44,426 - INFO - 查找验证码图片...
2026-07-05 14:25:44,448 - INFO - 找到验证码图片，开始截图...
2026-07-05 14:25:44,503 - INFO - 验证码图片截取成功
2026-07-05 14:25:44,504 - INFO - 验证码图片已保存到 /home/runner/work/nju_electric_monitor/nju_electric_monitor/src/../data/captcha_debug.png
2026-07-05 14:25:44,504 - INFO - 验证码图片已保存到 /home/runner/work/nju_electric_monitor/nju_electric_monitor/src/../data/captcha_workflow/captcha_outer1.png
2026-07-05 14:25:44,504 - INFO - 验证码识别（同一图片）尝试 1/3，外层 1/4
2026-07-05 14:25:44,504 - INFO - 开始使用 ddddocr 识别验证码...
2026-07-05 14:25:44,522 - INFO - ddddocr 最终验证码识别结果: 836B
2026-07-05 14:25:44,522 - INFO - 已将验证码图片重命名为: /home/runner/work/nju_electric_monitor/nju_electric_monitor/src/../data/captcha_workflow/836B.png
2026-07-05 14:25:44,522 - INFO - 查找验证码输入框...
2026-07-05 14:25:44,580 - INFO - 通过 XPath 找到 1 个验证码候选输入框，使用第一个。
2026-07-05 14:25:44,638 - INFO - 验证码填写完成
2026-07-05 14:25:45,638 - INFO - 验证码填写完成，点击登录按钮...
2026-07-05 14:25:45,638 - INFO - 查找并点击登录按钮...
2026-07-05 14:25:45,661 - INFO - 通过 ID=login_submit 找到登录按钮
2026-07-05 14:25:48,901 - INFO - 已点击登录按钮
2026-07-05 14:25:57,968 - INFO - 检测到英文验证码错误提示: 'Verification code error \n\t\t\t\t\t\tVerification code error'
2026-07-05 14:25:57,968 - WARNING - 检测到验证码错误提示，将重新加载页面获取新验证码
2026-07-05 14:25:57,968 - INFO - 本轮登录未成功，等待 5 秒后进行下一轮验证码重试...
2026-07-05 14:26:02,969 - INFO - 外层页面重试 2/4
2026-07-05 14:26:07,448 - INFO - 等待登录表单加载...
2026-07-05 14:26:07,454 - INFO - 登录表单已加载
2026-07-05 14:26:07,454 - INFO - 开始填写登录表单...
2026-07-05 14:26:07,521 - INFO - 用户名填写完成
2026-07-05 14:26:07,590 - INFO - 密码填写完成
2026-07-05 14:26:08,590 - INFO - 查找验证码图片...
2026-07-05 14:26:08,605 - INFO - 找到验证码图片，开始截图...
2026-07-05 14:26:08,665 - INFO - 验证码图片截取成功
2026-07-05 14:26:08,666 - INFO - 验证码图片已保存到 /home/runner/work/nju_electric_monitor/nju_electric_monitor/src/../data/captcha_debug.png
2026-07-05 14:26:08,667 - INFO - 验证码图片已保存到 /home/runner/work/nju_electric_monitor/nju_electric_monitor/src/../data/captcha_workflow/captcha_outer2.png
2026-07-05 14:26:08,667 - INFO - 验证码识别（同一图片）尝试 1/3，外层 2/4
2026-07-05 14:26:08,667 - INFO - 开始使用 ddddocr 识别验证码...
2026-07-05 14:26:08,677 - INFO - ddddocr 最终验证码识别结果: CQ5J
2026-07-05 14:26:08,677 - INFO - 已将验证码图片重命名为: /home/runner/work/nju_electric_monitor/nju_electric_monitor/src/../data/captcha_workflow/CQ5J.png
2026-07-05 14:26:08,677 - INFO - 查找验证码输入框...
2026-07-05 14:26:08,738 - INFO - 通过 XPath 找到 1 个验证码候选输入框，使用第一个。
2026-07-05 14:26:08,796 - INFO - 验证码填写完成
2026-07-05 14:26:09,796 - INFO - 验证码填写完成，点击登录按钮...
2026-07-05 14:26:09,796 - INFO - 查找并点击登录按钮...
2026-07-05 14:26:09,816 - INFO - 通过 ID=login_submit 找到登录按钮
2026-07-05 14:26:14,956 - INFO - 已点击登录按钮
2026-07-05 14:26:23,982 - INFO - 未检测到验证码错误提示，验证码可能通过
2026-07-05 14:26:23,983 - INFO - 等待登录成功...
2026-07-05 14:26:23,993 - INFO - 检测到已跳转到电费页面: https://epay.nju.edu.cn/epay/h5/nju/electric/index
2026-07-05 14:26:23,993 - INFO - 查找'去充值'按钮...
2026-07-05 14:26:24,016 - INFO - 通过文本包含 '去充值' 找到充值按钮
2026-07-05 14:26:25,566 - INFO - 已点击充值按钮
2026-07-05 14:26:28,566 - INFO - 开始提取剩余电量信息...
2026-07-05 14:26:28,583 - INFO - 找到电量信息元素（已省略具体文本以保护隐私）
2026-07-05 14:26:28,583 - WARNING - 未在元素中找到标准格式的电量信息
2026-07-05 14:26:28,597 - INFO - 找到 i 标签中的电量信息（已省略具体文本）
2026-07-05 14:26:28,597 - WARNING - i标签中未找到标准格式的电量信息
2026-07-05 14:26:28,597 - WARNING - 未找到i标签中的电量信息
2026-07-05 14:26:28,600 - INFO - 在页面源码中查找电量信息...
2026-07-05 14:26:28,600 - INFO - 从页面源码中提取到剩余电量: 40.68 度
2026-07-05 14:26:28,615 - INFO - 数据已保存: 40.68 度
2026-07-05 14:26:28,875 - INFO - 电量变化曲线图已保存到: /home/runner/work/nju_electric_monitor/nju_electric_monitor/src/../data/electricity_trend.png
2026-07-05 14:26:29,132 - INFO - 最近20次电量变化曲线图已保存到: /home/runner/work/nju_electric_monitor/nju_electric_monitor/src/../data/recent_20_changes.png
2026-07-05 14:26:29,132 - INFO - 当前剩余电量 40.68 度，高于告警阈值 15.0 度，不发送邮件
2026-07-05 14:26:29,132 - INFO - 监控流程完成
