2026-08-11 14:12:08,373 - INFO - Matplotlib 字体设置：使用回退字体列表，首选可用字体: Noto Sans CJK SC
2026-08-11 14:12:10,261 - INFO - 使用指定 ChromeDriver: /usr/bin/chromedriver
2026-08-11 14:12:10,381 - INFO - ddddocr 识别器初始化成功
2026-08-11 14:12:10,535 - INFO - captcha-recognizer 滑块识别模型初始化成功
2026-08-11 14:12:10,535 - INFO - 开始南京大学电费监控流程（自动无头模式）
2026-08-11 14:12:10,535 - INFO - 已初始化并清空验证码图片目录: /home/runner/work/nju_electric_monitor/nju_electric_monitor/src/../data/captcha_workflow
2026-08-11 14:12:10,535 - INFO - 正在打开页面: https://epay.nju.edu.cn/epay/h5/nju/electric/index
2026-08-11 14:12:18,083 - INFO - 等待登录表单加载...
2026-08-11 14:12:18,092 - INFO - 登录表单已加载
2026-08-11 14:12:18,092 - INFO - 开始填写登录表单...
2026-08-11 14:12:18,164 - INFO - 用户名填写完成
2026-08-11 14:12:18,225 - INFO - 密码填写完成
2026-08-11 14:12:18,259 - INFO - 未检测到任何验证方式
2026-08-11 14:12:18,259 - INFO - 登录前验证方式检测: none
2026-08-11 14:12:18,259 - INFO - 未检测到传统验证码，点击登录按钮...
2026-08-11 14:12:18,259 - INFO - 查找并点击登录按钮...
2026-08-11 14:12:18,277 - INFO - 通过 ID=login_submit 找到登录按钮
2026-08-11 14:12:18,321 - INFO - 已点击登录按钮
2026-08-11 14:12:25,345 - INFO - 检测到滑块验证（sliderDiv）
2026-08-11 14:12:25,345 - INFO - 登录后验证方式检测: slider
2026-08-11 14:12:25,345 - INFO - 开始处理滑块验证...
2026-08-11 14:12:26,857 - INFO - 滑块验证第 1/3 轮尝试
2026-08-11 14:12:27,187 - INFO - 滑块缺口 box=[176,67,216,105], confidence=0.953, 截图=278px, DOM=278px, 缩放=1.00x, 拖拽偏移=176px
2026-08-11 14:12:27,187 - INFO - 滑块拖拽尝试 1/2 (偏移=176px)
2026-08-11 14:12:44,992 - WARNING - 滑块拖拽第 1 次未通过验证
2026-08-11 14:12:45,992 - INFO - 滑块拖拽尝试 2/2 (偏移=176px)
2026-08-11 14:13:03,586 - WARNING - 滑块拖拽第 2 次未通过验证
2026-08-11 14:13:03,587 - ERROR - 滑块验证 2 次尝试均失败
2026-08-11 14:13:03,587 - WARNING - 第 1 轮滑块拖拽失败
2026-08-11 14:13:04,587 - INFO - 滑块验证第 2/3 轮尝试
2026-08-11 14:13:04,910 - INFO - 滑块缺口 box=[96,11,138,49], confidence=0.955, 截图=280px, DOM=280px, 缩放=1.00x, 拖拽偏移=96px
2026-08-11 14:13:04,911 - INFO - 滑块拖拽尝试 1/2 (偏移=96px)
2026-08-11 14:13:23,542 - INFO - 滑块验证通过（sliderDiv 元素不存在）
2026-08-11 14:13:23,542 - INFO - 滑块验证第 2 轮成功
2026-08-11 14:13:23,542 - INFO - 等待登录成功...
2026-08-11 14:13:23,551 - INFO - 检测到已跳转到电费页面: https://epay.nju.edu.cn/epay/h5/nju/electric/index
2026-08-11 14:13:23,551 - INFO - 查找'去充值'按钮...
2026-08-11 14:13:23,571 - INFO - 通过文本包含 '去充值' 找到充值按钮
2026-08-11 14:13:25,097 - INFO - 已点击充值按钮
2026-08-11 14:13:28,098 - INFO - 开始提取剩余电量信息...
2026-08-11 14:13:28,114 - INFO - 找到电量信息元素（已省略具体文本以保护隐私）
2026-08-11 14:13:28,114 - WARNING - 未在元素中找到标准格式的电量信息
2026-08-11 14:13:28,124 - INFO - 找到 i 标签中的电量信息（已省略具体文本）
2026-08-11 14:13:28,124 - WARNING - i标签中未找到标准格式的电量信息
2026-08-11 14:13:28,124 - WARNING - 未找到i标签中的电量信息
2026-08-11 14:13:28,127 - INFO - 在页面源码中查找电量信息...
2026-08-11 14:13:28,127 - INFO - 从页面源码中提取到剩余电量: 27.03 度
2026-08-11 14:13:28,143 - INFO - 数据已保存: 27.03 度
2026-08-11 14:13:28,397 - INFO - 电量变化曲线图已保存到: /home/runner/work/nju_electric_monitor/nju_electric_monitor/src/../data/electricity_trend.png
2026-08-11 14:13:28,630 - INFO - 最近20次电量变化曲线图已保存到: /home/runner/work/nju_electric_monitor/nju_electric_monitor/src/../data/recent_20_changes.png
2026-08-11 14:13:28,630 - INFO - 当前剩余电量 27.03 度，高于告警阈值 15.0 度，不发送邮件
2026-08-11 14:13:28,630 - INFO - 监控流程完成
