2026-07-18 08:31:50,437 - INFO - Matplotlib 字体设置：使用回退字体列表，首选可用字体: Noto Sans CJK SC
2026-07-18 08:31:52,291 - INFO - 使用指定 ChromeDriver: /usr/bin/chromedriver
2026-07-18 08:31:52,359 - INFO - ddddocr 识别器初始化成功
2026-07-18 08:31:52,359 - INFO - 开始南京大学电费监控流程（自动无头模式）
2026-07-18 08:31:52,359 - INFO - 已初始化并清空验证码图片目录: /home/runner/work/nju_electric_monitor/nju_electric_monitor/src/../data/captcha_workflow
2026-07-18 08:31:52,359 - INFO - 正在打开页面: https://epay.nju.edu.cn/epay/h5/nju/electric/index
2026-07-18 08:33:02,802 - INFO - 等待登录表单加载...
2026-07-18 08:33:02,812 - INFO - 登录表单已加载
2026-07-18 08:33:02,812 - INFO - 开始填写登录表单...
2026-07-18 08:33:02,898 - INFO - 用户名填写完成
2026-07-18 08:33:02,968 - INFO - 密码填写完成
2026-07-18 08:33:02,968 - INFO - 开始处理验证码（两层嵌套重试）...
2026-07-18 08:33:02,968 - INFO - 外层页面重试 1/4
2026-07-18 08:33:02,968 - INFO - 等待登录表单加载...
2026-07-18 08:33:02,974 - INFO - 登录表单已加载
2026-07-18 08:33:02,974 - INFO - 开始填写登录表单...
2026-07-18 08:33:03,042 - INFO - 用户名填写完成
2026-07-18 08:33:03,107 - INFO - 密码填写完成
2026-07-18 08:33:04,107 - INFO - 查找验证码图片...
2026-07-18 08:33:04,128 - INFO - 找到验证码图片，开始截图...
2026-07-18 08:33:04,184 - INFO - 验证码图片截取成功
2026-07-18 08:33:04,186 - INFO - 验证码图片已保存到 /home/runner/work/nju_electric_monitor/nju_electric_monitor/src/../data/captcha_debug.png
2026-07-18 08:33:04,186 - INFO - 验证码图片已保存到 /home/runner/work/nju_electric_monitor/nju_electric_monitor/src/../data/captcha_workflow/captcha_outer1.png
2026-07-18 08:33:04,186 - INFO - 验证码识别（同一图片）尝试 1/3，外层 1/4
2026-07-18 08:33:04,186 - INFO - 开始使用 ddddocr 识别验证码...
2026-07-18 08:33:04,203 - INFO - ddddocr 返回长度为 2 的结果: 'EM'，尝试截取前4位
2026-07-18 08:33:04,203 - INFO - 本次识别无有效结果，继续内层尝试
2026-07-18 08:33:04,203 - INFO - 验证码识别（同一图片）尝试 2/3，外层 1/4
2026-07-18 08:33:04,203 - INFO - 开始使用 ddddocr 识别验证码...
2026-07-18 08:33:04,212 - INFO - ddddocr 返回长度为 2 的结果: 'EM'，尝试截取前4位
2026-07-18 08:33:04,212 - INFO - 本次识别无有效结果，继续内层尝试
2026-07-18 08:33:04,212 - INFO - 验证码识别（同一图片）尝试 3/3，外层 1/4
2026-07-18 08:33:04,213 - INFO - 开始使用 ddddocr 识别验证码...
2026-07-18 08:33:04,221 - INFO - ddddocr 返回长度为 2 的结果: 'EM'，尝试截取前4位
2026-07-18 08:33:04,221 - INFO - 本次识别无有效结果，继续内层尝试
2026-07-18 08:33:04,221 - INFO - 本轮登录未成功，等待 5 秒后进行下一轮验证码重试...
2026-07-18 08:33:09,222 - INFO - 外层页面重试 2/4
2026-07-18 08:33:13,275 - INFO - 等待登录表单加载...
2026-07-18 08:33:13,282 - INFO - 登录表单已加载
2026-07-18 08:33:13,282 - INFO - 开始填写登录表单...
2026-07-18 08:33:13,346 - INFO - 用户名填写完成
2026-07-18 08:33:13,410 - INFO - 密码填写完成
2026-07-18 08:33:14,411 - INFO - 查找验证码图片...
2026-07-18 08:33:14,425 - INFO - 找到验证码图片，开始截图...
2026-07-18 08:33:14,480 - INFO - 验证码图片截取成功
2026-07-18 08:33:14,482 - INFO - 验证码图片已保存到 /home/runner/work/nju_electric_monitor/nju_electric_monitor/src/../data/captcha_debug.png
2026-07-18 08:33:14,482 - INFO - 验证码图片已保存到 /home/runner/work/nju_electric_monitor/nju_electric_monitor/src/../data/captcha_workflow/captcha_outer2.png
2026-07-18 08:33:14,482 - INFO - 验证码识别（同一图片）尝试 1/3，外层 2/4
2026-07-18 08:33:14,482 - INFO - 开始使用 ddddocr 识别验证码...
2026-07-18 08:33:14,491 - INFO - ddddocr 最终验证码识别结果: VSVI
2026-07-18 08:33:14,491 - INFO - 已将验证码图片重命名为: /home/runner/work/nju_electric_monitor/nju_electric_monitor/src/../data/captcha_workflow/VSVI.png
2026-07-18 08:33:14,491 - INFO - 查找验证码输入框...
2026-07-18 08:33:14,553 - INFO - 通过 XPath 找到 1 个验证码候选输入框，使用第一个。
2026-07-18 08:33:14,608 - INFO - 验证码填写完成
2026-07-18 08:33:15,608 - INFO - 验证码填写完成，点击登录按钮...
2026-07-18 08:33:15,608 - INFO - 查找并点击登录按钮...
2026-07-18 08:33:15,630 - INFO - 通过 ID=login_submit 找到登录按钮
2026-07-18 08:33:20,239 - INFO - 已点击登录按钮
2026-07-18 08:33:29,277 - INFO - 未检测到验证码错误提示，验证码可能通过
2026-07-18 08:33:29,277 - INFO - 等待登录成功...
2026-07-18 08:33:29,286 - INFO - 检测到已跳转到电费页面: https://epay.nju.edu.cn/epay/h5/nju/electric/index
2026-07-18 08:33:29,286 - INFO - 查找'去充值'按钮...
2026-07-18 08:33:29,309 - INFO - 通过文本包含 '去充值' 找到充值按钮
2026-07-18 08:33:30,850 - INFO - 已点击充值按钮
2026-07-18 08:33:33,850 - INFO - 开始提取剩余电量信息...
2026-07-18 08:33:33,871 - INFO - 找到电量信息元素（已省略具体文本以保护隐私）
2026-07-18 08:33:33,871 - WARNING - 未在元素中找到标准格式的电量信息
2026-07-18 08:33:33,884 - INFO - 找到 i 标签中的电量信息（已省略具体文本）
2026-07-18 08:33:33,884 - WARNING - i标签中未找到标准格式的电量信息
2026-07-18 08:33:33,884 - WARNING - 未找到i标签中的电量信息
2026-07-18 08:33:33,887 - INFO - 在页面源码中查找电量信息...
2026-07-18 08:33:33,888 - INFO - 从页面源码中提取到剩余电量: 21.55 度
2026-07-18 08:33:33,902 - INFO - 数据已保存: 21.55 度
2026-07-18 08:33:34,158 - INFO - 电量变化曲线图已保存到: /home/runner/work/nju_electric_monitor/nju_electric_monitor/src/../data/electricity_trend.png
2026-07-18 08:33:34,408 - INFO - 最近20次电量变化曲线图已保存到: /home/runner/work/nju_electric_monitor/nju_electric_monitor/src/../data/recent_20_changes.png
2026-07-18 08:33:34,408 - INFO - 当前剩余电量 21.55 度，高于告警阈值 15.0 度，不发送邮件
2026-07-18 08:33:34,408 - INFO - 监控流程完成
