2026-07-10 10:14:30,424 - INFO - Matplotlib 字体设置：使用回退字体列表，首选可用字体: Noto Sans CJK SC
2026-07-10 10:14:32,250 - INFO - 使用指定 ChromeDriver: /usr/bin/chromedriver
2026-07-10 10:14:32,330 - INFO - ddddocr 识别器初始化成功
2026-07-10 10:14:32,330 - INFO - 开始南京大学电费监控流程（自动无头模式）
2026-07-10 10:14:32,330 - INFO - 已初始化并清空验证码图片目录: /home/runner/work/nju_electric_monitor/nju_electric_monitor/src/../data/captcha_workflow
2026-07-10 10:14:32,330 - INFO - 正在打开页面: https://epay.nju.edu.cn/epay/h5/nju/electric/index
2026-07-10 10:14:45,484 - INFO - 等待登录表单加载...
2026-07-10 10:14:45,494 - INFO - 登录表单已加载
2026-07-10 10:14:45,494 - INFO - 开始填写登录表单...
2026-07-10 10:14:45,582 - INFO - 用户名填写完成
2026-07-10 10:14:45,654 - INFO - 密码填写完成
2026-07-10 10:14:45,654 - INFO - 开始处理验证码（两层嵌套重试）...
2026-07-10 10:14:45,654 - INFO - 外层页面重试 1/4
2026-07-10 10:14:45,654 - INFO - 等待登录表单加载...
2026-07-10 10:14:45,660 - INFO - 登录表单已加载
2026-07-10 10:14:45,660 - INFO - 开始填写登录表单...
2026-07-10 10:14:45,727 - INFO - 用户名填写完成
2026-07-10 10:14:45,792 - INFO - 密码填写完成
2026-07-10 10:14:46,793 - INFO - 查找验证码图片...
2026-07-10 10:14:46,814 - INFO - 找到验证码图片，开始截图...
2026-07-10 10:14:46,867 - INFO - 验证码图片截取成功
2026-07-10 10:14:46,868 - INFO - 验证码图片已保存到 /home/runner/work/nju_electric_monitor/nju_electric_monitor/src/../data/captcha_debug.png
2026-07-10 10:14:46,869 - INFO - 验证码图片已保存到 /home/runner/work/nju_electric_monitor/nju_electric_monitor/src/../data/captcha_workflow/captcha_outer1.png
2026-07-10 10:14:46,869 - INFO - 验证码识别（同一图片）尝试 1/3，外层 1/4
2026-07-10 10:14:46,869 - INFO - 开始使用 ddddocr 识别验证码...
2026-07-10 10:14:46,888 - INFO - ddddocr 最终验证码识别结果: 3YFB
2026-07-10 10:14:46,889 - INFO - 已将验证码图片重命名为: /home/runner/work/nju_electric_monitor/nju_electric_monitor/src/../data/captcha_workflow/3YFB.png
2026-07-10 10:14:46,889 - INFO - 查找验证码输入框...
2026-07-10 10:14:46,949 - INFO - 通过 XPath 找到 1 个验证码候选输入框，使用第一个。
2026-07-10 10:14:47,004 - INFO - 验证码填写完成
2026-07-10 10:14:48,004 - INFO - 验证码填写完成，点击登录按钮...
2026-07-10 10:14:48,004 - INFO - 查找并点击登录按钮...
2026-07-10 10:14:48,026 - INFO - 通过 ID=login_submit 找到登录按钮
2026-07-10 10:14:52,211 - INFO - 已点击登录按钮
2026-07-10 10:15:01,248 - INFO - 未检测到验证码错误提示，验证码可能通过
2026-07-10 10:15:01,248 - INFO - 等待登录成功...
2026-07-10 10:15:01,258 - INFO - 检测到已跳转到电费页面: https://epay.nju.edu.cn/epay/h5/nju/electric/index
2026-07-10 10:15:01,258 - INFO - 查找'去充值'按钮...
2026-07-10 10:15:01,282 - INFO - 通过文本包含 '去充值' 找到充值按钮
2026-07-10 10:15:03,145 - INFO - 已点击充值按钮
2026-07-10 10:15:06,145 - INFO - 开始提取剩余电量信息...
2026-07-10 10:15:06,166 - INFO - 找到电量信息元素（已省略具体文本以保护隐私）
2026-07-10 10:15:06,166 - WARNING - 未在元素中找到标准格式的电量信息
2026-07-10 10:15:06,179 - INFO - 找到 i 标签中的电量信息（已省略具体文本）
2026-07-10 10:15:06,179 - WARNING - i标签中未找到标准格式的电量信息
2026-07-10 10:15:06,179 - WARNING - 未找到i标签中的电量信息
2026-07-10 10:15:06,183 - INFO - 在页面源码中查找电量信息...
2026-07-10 10:15:06,183 - INFO - 从页面源码中提取到剩余电量: 43.94 度
2026-07-10 10:15:06,198 - INFO - 数据已保存: 43.94 度
2026-07-10 10:15:06,466 - INFO - 电量变化曲线图已保存到: /home/runner/work/nju_electric_monitor/nju_electric_monitor/src/../data/electricity_trend.png
2026-07-10 10:15:06,720 - INFO - 最近20次电量变化曲线图已保存到: /home/runner/work/nju_electric_monitor/nju_electric_monitor/src/../data/recent_20_changes.png
2026-07-10 10:15:06,720 - INFO - 当前剩余电量 43.94 度，高于告警阈值 15.0 度，不发送邮件
2026-07-10 10:15:06,720 - INFO - 监控流程完成
2026-07-10 10:37:56,054 - INFO - Matplotlib 字体设置：使用回退字体列表，首选可用字体: Noto Sans CJK SC
2026-07-10 10:37:57,954 - INFO - 使用指定 ChromeDriver: /usr/bin/chromedriver
2026-07-10 10:37:58,057 - INFO - ddddocr 识别器初始化成功
2026-07-10 10:37:58,057 - INFO - 开始南京大学电费监控流程（自动无头模式）
2026-07-10 10:37:58,057 - INFO - 已初始化并清空验证码图片目录: /home/runner/work/nju_electric_monitor/nju_electric_monitor/src/../data/captcha_workflow
2026-07-10 10:37:58,057 - INFO - 正在打开页面: https://epay.nju.edu.cn/epay/h5/nju/electric/index
2026-07-10 10:38:07,800 - INFO - 等待登录表单加载...
2026-07-10 10:38:07,810 - INFO - 登录表单已加载
2026-07-10 10:38:07,810 - INFO - 开始填写登录表单...
2026-07-10 10:38:07,898 - INFO - 用户名填写完成
2026-07-10 10:38:07,972 - INFO - 密码填写完成
2026-07-10 10:38:07,972 - INFO - 开始处理验证码（两层嵌套重试）...
2026-07-10 10:38:07,972 - INFO - 外层页面重试 1/4
2026-07-10 10:38:07,972 - INFO - 等待登录表单加载...
2026-07-10 10:38:07,978 - INFO - 登录表单已加载
2026-07-10 10:38:07,978 - INFO - 开始填写登录表单...
2026-07-10 10:38:08,047 - INFO - 用户名填写完成
2026-07-10 10:38:08,114 - INFO - 密码填写完成
2026-07-10 10:38:09,114 - INFO - 查找验证码图片...
2026-07-10 10:38:09,135 - INFO - 找到验证码图片，开始截图...
2026-07-10 10:38:09,192 - INFO - 验证码图片截取成功
2026-07-10 10:38:09,192 - INFO - 验证码图片已保存到 /home/runner/work/nju_electric_monitor/nju_electric_monitor/src/../data/captcha_debug.png
2026-07-10 10:38:09,193 - INFO - 验证码图片已保存到 /home/runner/work/nju_electric_monitor/nju_electric_monitor/src/../data/captcha_workflow/captcha_outer1.png
2026-07-10 10:38:09,193 - INFO - 验证码识别（同一图片）尝试 1/3，外层 1/4
2026-07-10 10:38:09,193 - INFO - 开始使用 ddddocr 识别验证码...
2026-07-10 10:38:09,207 - INFO - ddddocr 最终验证码识别结果: RGWR
2026-07-10 10:38:09,207 - INFO - 已将验证码图片重命名为: /home/runner/work/nju_electric_monitor/nju_electric_monitor/src/../data/captcha_workflow/RGWR.png
2026-07-10 10:38:09,208 - INFO - 查找验证码输入框...
2026-07-10 10:38:09,268 - INFO - 通过 XPath 找到 1 个验证码候选输入框，使用第一个。
2026-07-10 10:38:09,328 - INFO - 验证码填写完成
2026-07-10 10:38:10,328 - INFO - 验证码填写完成，点击登录按钮...
2026-07-10 10:38:10,328 - INFO - 查找并点击登录按钮...
2026-07-10 10:38:10,351 - INFO - 通过 ID=login_submit 找到登录按钮
2026-07-10 10:38:10,403 - INFO - 已点击登录按钮
2026-07-10 10:38:19,441 - INFO - 未检测到验证码错误提示，验证码可能通过
2026-07-10 10:38:19,442 - INFO - 等待登录成功...
2026-07-10 10:38:19,451 - INFO - 检测到已跳转到电费页面: https://epay.nju.edu.cn/epay/h5/nju/electric/index
2026-07-10 10:38:19,451 - INFO - 查找'去充值'按钮...
2026-07-10 10:38:19,474 - INFO - 通过文本包含 '去充值' 找到充值按钮
2026-07-10 10:38:20,959 - INFO - 已点击充值按钮
2026-07-10 10:38:23,959 - INFO - 开始提取剩余电量信息...
2026-07-10 10:38:23,979 - INFO - 找到电量信息元素（已省略具体文本以保护隐私）
2026-07-10 10:38:23,980 - WARNING - 未在元素中找到标准格式的电量信息
2026-07-10 10:38:23,992 - INFO - 找到 i 标签中的电量信息（已省略具体文本）
2026-07-10 10:38:23,992 - WARNING - i标签中未找到标准格式的电量信息
2026-07-10 10:38:23,992 - WARNING - 未找到i标签中的电量信息
2026-07-10 10:38:23,996 - INFO - 在页面源码中查找电量信息...
2026-07-10 10:38:23,996 - INFO - 从页面源码中提取到剩余电量: 43.94 度
2026-07-10 10:38:24,011 - INFO - 数据已保存: 43.94 度
2026-07-10 10:38:24,267 - INFO - 电量变化曲线图已保存到: /home/runner/work/nju_electric_monitor/nju_electric_monitor/src/../data/electricity_trend.png
2026-07-10 10:38:24,517 - INFO - 最近20次电量变化曲线图已保存到: /home/runner/work/nju_electric_monitor/nju_electric_monitor/src/../data/recent_20_changes.png
2026-07-10 10:38:24,517 - INFO - 当前剩余电量 43.94 度，高于告警阈值 15.0 度，不发送邮件
2026-07-10 10:38:24,517 - INFO - 监控流程完成
