2026-07-08 04:01:52,420 - INFO - Matplotlib 字体设置：使用回退字体列表，首选可用字体: Noto Sans CJK SC
2026-07-08 04:01:54,302 - INFO - 使用指定 ChromeDriver: /usr/bin/chromedriver
2026-07-08 04:01:54,408 - INFO - ddddocr 识别器初始化成功
2026-07-08 04:01:54,408 - INFO - 开始南京大学电费监控流程（自动无头模式）
2026-07-08 04:01:54,409 - INFO - 已初始化并清空验证码图片目录: /home/runner/work/nju_electric_monitor/nju_electric_monitor/src/../data/captcha_workflow
2026-07-08 04:01:54,409 - INFO - 正在打开页面: https://epay.nju.edu.cn/epay/h5/nju/electric/index
2026-07-08 04:02:06,484 - INFO - 等待登录表单加载...
2026-07-08 04:02:06,495 - INFO - 登录表单已加载
2026-07-08 04:02:06,495 - INFO - 开始填写登录表单...
2026-07-08 04:02:06,586 - INFO - 用户名填写完成
2026-07-08 04:02:06,661 - INFO - 密码填写完成
2026-07-08 04:02:06,661 - INFO - 开始处理验证码（两层嵌套重试）...
2026-07-08 04:02:06,661 - INFO - 外层页面重试 1/4
2026-07-08 04:02:06,661 - INFO - 等待登录表单加载...
2026-07-08 04:02:06,668 - INFO - 登录表单已加载
2026-07-08 04:02:06,668 - INFO - 开始填写登录表单...
2026-07-08 04:02:06,739 - INFO - 用户名填写完成
2026-07-08 04:02:06,810 - INFO - 密码填写完成
2026-07-08 04:02:07,811 - INFO - 查找验证码图片...
2026-07-08 04:02:07,833 - INFO - 找到验证码图片，开始截图...
2026-07-08 04:02:07,879 - INFO - 验证码图片截取成功
2026-07-08 04:02:07,880 - INFO - 验证码图片已保存到 /home/runner/work/nju_electric_monitor/nju_electric_monitor/src/../data/captcha_debug.png
2026-07-08 04:02:07,881 - INFO - 验证码图片已保存到 /home/runner/work/nju_electric_monitor/nju_electric_monitor/src/../data/captcha_workflow/captcha_outer1.png
2026-07-08 04:02:07,881 - INFO - 验证码识别（同一图片）尝试 1/3，外层 1/4
2026-07-08 04:02:07,881 - INFO - 开始使用 ddddocr 识别验证码...
2026-07-08 04:02:07,901 - INFO - ddddocr 最终验证码识别结果: XKXF
2026-07-08 04:02:07,901 - INFO - 已将验证码图片重命名为: /home/runner/work/nju_electric_monitor/nju_electric_monitor/src/../data/captcha_workflow/XKXF.png
2026-07-08 04:02:07,901 - INFO - 查找验证码输入框...
2026-07-08 04:02:07,969 - INFO - 通过 XPath 找到 1 个验证码候选输入框，使用第一个。
2026-07-08 04:02:08,028 - INFO - 验证码填写完成
2026-07-08 04:02:09,029 - INFO - 验证码填写完成，点击登录按钮...
2026-07-08 04:02:09,029 - INFO - 查找并点击登录按钮...
2026-07-08 04:02:09,052 - INFO - 通过 ID=login_submit 找到登录按钮
2026-07-08 04:02:15,379 - INFO - 已点击登录按钮
2026-07-08 04:02:24,435 - INFO - 未检测到验证码错误提示，验证码可能通过
2026-07-08 04:02:24,435 - INFO - 等待登录成功...
2026-07-08 04:02:24,449 - INFO - 检测到已跳转到电费页面: https://epay.nju.edu.cn/epay/h5/nju/electric/index
2026-07-08 04:02:24,449 - INFO - 查找'去充值'按钮...
2026-07-08 04:02:24,477 - INFO - 通过文本包含 '去充值' 找到充值按钮
2026-07-08 04:02:26,553 - INFO - 已点击充值按钮
2026-07-08 04:02:29,554 - INFO - 开始提取剩余电量信息...
2026-07-08 04:02:29,576 - INFO - 找到电量信息元素（已省略具体文本以保护隐私）
2026-07-08 04:02:29,576 - WARNING - 未在元素中找到标准格式的电量信息
2026-07-08 04:02:29,590 - INFO - 找到 i 标签中的电量信息（已省略具体文本）
2026-07-08 04:02:29,590 - WARNING - i标签中未找到标准格式的电量信息
2026-07-08 04:02:29,590 - WARNING - 未找到i标签中的电量信息
2026-07-08 04:02:29,594 - INFO - 在页面源码中查找电量信息...
2026-07-08 04:02:29,594 - INFO - 从页面源码中提取到剩余电量: 16.0 度
2026-07-08 04:02:29,609 - INFO - 数据已保存: 16.0 度
2026-07-08 04:02:29,874 - INFO - 电量变化曲线图已保存到: /home/runner/work/nju_electric_monitor/nju_electric_monitor/src/../data/electricity_trend.png
2026-07-08 04:02:30,105 - INFO - 最近20次电量变化曲线图已保存到: /home/runner/work/nju_electric_monitor/nju_electric_monitor/src/../data/recent_20_changes.png
2026-07-08 04:02:30,105 - INFO - 当前剩余电量 16.0 度，高于告警阈值 15.0 度，不发送邮件
2026-07-08 04:02:30,106 - INFO - 监控流程完成
