2026-07-11 08:42:40,987 - INFO - Matplotlib 字体设置：使用回退字体列表，首选可用字体: Noto Sans CJK SC
2026-07-11 08:42:42,839 - INFO - 使用指定 ChromeDriver: /usr/bin/chromedriver
2026-07-11 08:42:42,928 - INFO - ddddocr 识别器初始化成功
2026-07-11 08:42:42,928 - INFO - 开始南京大学电费监控流程（自动无头模式）
2026-07-11 08:42:42,928 - INFO - 已初始化并清空验证码图片目录: /home/runner/work/nju_electric_monitor/nju_electric_monitor/src/../data/captcha_workflow
2026-07-11 08:42:42,928 - INFO - 正在打开页面: https://epay.nju.edu.cn/epay/h5/nju/electric/index
2026-07-11 08:42:55,739 - INFO - 等待登录表单加载...
2026-07-11 08:42:55,749 - INFO - 登录表单已加载
2026-07-11 08:42:55,749 - INFO - 开始填写登录表单...
2026-07-11 08:42:55,838 - INFO - 用户名填写完成
2026-07-11 08:42:55,912 - INFO - 密码填写完成
2026-07-11 08:42:55,913 - INFO - 开始处理验证码（两层嵌套重试）...
2026-07-11 08:42:55,913 - INFO - 外层页面重试 1/4
2026-07-11 08:42:55,913 - INFO - 等待登录表单加载...
2026-07-11 08:42:55,919 - INFO - 登录表单已加载
2026-07-11 08:42:55,919 - INFO - 开始填写登录表单...
2026-07-11 08:42:55,989 - INFO - 用户名填写完成
2026-07-11 08:42:56,058 - INFO - 密码填写完成
2026-07-11 08:42:57,058 - INFO - 查找验证码图片...
2026-07-11 08:42:57,080 - INFO - 找到验证码图片，开始截图...
2026-07-11 08:42:57,124 - INFO - 验证码图片截取成功
2026-07-11 08:42:57,125 - INFO - 验证码图片已保存到 /home/runner/work/nju_electric_monitor/nju_electric_monitor/src/../data/captcha_debug.png
2026-07-11 08:42:57,125 - INFO - 验证码图片已保存到 /home/runner/work/nju_electric_monitor/nju_electric_monitor/src/../data/captcha_workflow/captcha_outer1.png
2026-07-11 08:42:57,125 - INFO - 验证码识别（同一图片）尝试 1/3，外层 1/4
2026-07-11 08:42:57,126 - INFO - 开始使用 ddddocr 识别验证码...
2026-07-11 08:42:57,146 - INFO - ddddocr 最终验证码识别结果: TPNQ
2026-07-11 08:42:57,146 - INFO - 已将验证码图片重命名为: /home/runner/work/nju_electric_monitor/nju_electric_monitor/src/../data/captcha_workflow/TPNQ.png
2026-07-11 08:42:57,146 - INFO - 查找验证码输入框...
2026-07-11 08:42:57,207 - INFO - 通过 XPath 找到 1 个验证码候选输入框，使用第一个。
2026-07-11 08:42:57,264 - INFO - 验证码填写完成
2026-07-11 08:42:58,264 - INFO - 验证码填写完成，点击登录按钮...
2026-07-11 08:42:58,264 - INFO - 查找并点击登录按钮...
2026-07-11 08:42:58,287 - INFO - 通过 ID=login_submit 找到登录按钮
2026-07-11 08:43:02,178 - INFO - 已点击登录按钮
2026-07-11 08:43:11,216 - INFO - 未检测到验证码错误提示，验证码可能通过
2026-07-11 08:43:11,216 - INFO - 等待登录成功...
2026-07-11 08:43:11,226 - INFO - 检测到已跳转到电费页面: https://epay.nju.edu.cn/epay/h5/nju/electric/index
2026-07-11 08:43:11,226 - INFO - 查找'去充值'按钮...
2026-07-11 08:43:11,250 - INFO - 通过文本包含 '去充值' 找到充值按钮
2026-07-11 08:43:12,994 - INFO - 已点击充值按钮
2026-07-11 08:43:15,995 - INFO - 开始提取剩余电量信息...
2026-07-11 08:43:16,015 - INFO - 找到电量信息元素（已省略具体文本以保护隐私）
2026-07-11 08:43:16,015 - WARNING - 未在元素中找到标准格式的电量信息
2026-07-11 08:43:16,028 - INFO - 找到 i 标签中的电量信息（已省略具体文本）
2026-07-11 08:43:16,028 - WARNING - i标签中未找到标准格式的电量信息
2026-07-11 08:43:16,028 - WARNING - 未找到i标签中的电量信息
2026-07-11 08:43:16,031 - INFO - 在页面源码中查找电量信息...
2026-07-11 08:43:16,032 - INFO - 从页面源码中提取到剩余电量: 32.79 度
2026-07-11 08:43:16,047 - INFO - 数据已保存: 32.79 度
2026-07-11 08:43:16,308 - INFO - 电量变化曲线图已保存到: /home/runner/work/nju_electric_monitor/nju_electric_monitor/src/../data/electricity_trend.png
2026-07-11 08:43:16,551 - INFO - 最近20次电量变化曲线图已保存到: /home/runner/work/nju_electric_monitor/nju_electric_monitor/src/../data/recent_20_changes.png
2026-07-11 08:43:16,551 - INFO - 当前剩余电量 32.79 度，高于告警阈值 15.0 度，不发送邮件
2026-07-11 08:43:16,552 - INFO - 监控流程完成
