2026-07-28 09:31:27,248 - INFO - Matplotlib 字体设置：使用回退字体列表，首选可用字体: Noto Sans CJK SC
2026-07-28 09:31:28,570 - INFO - 使用指定 ChromeDriver: /usr/bin/chromedriver
2026-07-28 09:31:28,621 - INFO - ddddocr 识别器初始化成功
2026-07-28 09:31:28,621 - INFO - 开始南京大学电费监控流程（自动无头模式）
2026-07-28 09:31:28,621 - INFO - 已初始化并清空验证码图片目录: /home/runner/work/nju_electric_monitor/nju_electric_monitor/src/../data/captcha_workflow
2026-07-28 09:31:28,621 - INFO - 正在打开页面: https://epay.nju.edu.cn/epay/h5/nju/electric/index
2026-07-28 09:31:39,755 - INFO - 等待登录表单加载...
2026-07-28 09:31:39,767 - INFO - 登录表单已加载
2026-07-28 09:31:39,768 - INFO - 开始填写登录表单...
2026-07-28 09:31:39,863 - INFO - 用户名填写完成
2026-07-28 09:31:39,937 - INFO - 密码填写完成
2026-07-28 09:31:39,938 - INFO - 开始处理验证码（两层嵌套重试）...
2026-07-28 09:31:39,938 - INFO - 外层页面重试 1/4
2026-07-28 09:31:39,938 - INFO - 等待登录表单加载...
2026-07-28 09:31:39,944 - INFO - 登录表单已加载
2026-07-28 09:31:39,944 - INFO - 开始填写登录表单...
2026-07-28 09:31:40,015 - INFO - 用户名填写完成
2026-07-28 09:31:40,089 - INFO - 密码填写完成
2026-07-28 09:31:41,089 - INFO - 查找验证码图片...
2026-07-28 09:31:41,112 - WARNING - 验证码图片不可见
2026-07-28 09:31:41,112 - INFO - 未检测到验证码图片，可能无需验证码，直接尝试点击登录按钮
2026-07-28 09:31:41,112 - INFO - 查找并点击登录按钮...
2026-07-28 09:31:41,135 - INFO - 通过 ID=login_submit 找到登录按钮
2026-07-28 09:31:41,189 - INFO - 已点击登录按钮
2026-07-28 09:31:46,190 - INFO - 等待登录成功...
2026-07-28 09:31:46,201 - INFO - 检测到已跳转到电费页面: https://authserver.nju.edu.cn/authserver/login?service=https%3A%2F%2Fepay.nju.edu.cn%3A443%2Fepay%2Fh5%2Fnju%2Felectric%2Findex
2026-07-28 09:31:46,201 - INFO - 查找'去充值'按钮...
2026-07-28 09:31:46,223 - WARNING - 通过 CSS 选择器未找到'去充值'按钮 div.footer
2026-07-28 09:31:46,223 - ERROR - 未找到可点击的'去充值'按钮
2026-07-28 09:31:46,223 - WARNING - 点击充值按钮失败，尝试直接提取数据
2026-07-28 09:31:46,223 - INFO - 开始提取剩余电量信息...
2026-07-28 09:31:46,231 - WARNING - 未找到电量信息元素，尝试其他方法...
2026-07-28 09:31:46,239 - WARNING - 未找到i标签中的电量信息，尝试其他方法...
2026-07-28 09:31:46,253 - INFO - 在页面源码中查找电量信息...
2026-07-28 09:31:46,264 - WARNING - 未能提取到剩余电量信息
2026-07-28 09:31:46,264 - ERROR - 提取剩余电量失败，认为本次监控流程未成功，将交由上层重试
