2026-07-07 16:04:51,947 - INFO - Matplotlib 字体设置：使用回退字体列表，首选可用字体: Noto Sans CJK SC
2026-07-07 16:04:53,814 - INFO - 使用指定 ChromeDriver: /usr/bin/chromedriver
2026-07-07 16:04:53,905 - INFO - ddddocr 识别器初始化成功
2026-07-07 16:04:53,906 - INFO - 开始南京大学电费监控流程（自动无头模式）
2026-07-07 16:04:53,906 - INFO - 已初始化并清空验证码图片目录: /home/runner/work/nju_electric_monitor/nju_electric_monitor/src/../data/captcha_workflow
2026-07-07 16:04:53,906 - INFO - 正在打开页面: https://epay.nju.edu.cn/epay/h5/nju/electric/index
2026-07-07 16:05:05,035 - INFO - 等待登录表单加载...
2026-07-07 16:05:13,456 - INFO - 登录表单已加载
2026-07-07 16:05:13,456 - INFO - 开始填写登录表单...
2026-07-07 16:05:13,545 - INFO - 用户名填写完成
2026-07-07 16:05:13,618 - INFO - 密码填写完成
2026-07-07 16:05:13,618 - INFO - 开始处理验证码（两层嵌套重试）...
2026-07-07 16:05:13,618 - INFO - 外层页面重试 1/4
2026-07-07 16:05:13,618 - INFO - 等待登录表单加载...
2026-07-07 16:05:13,624 - INFO - 登录表单已加载
2026-07-07 16:05:13,624 - INFO - 开始填写登录表单...
2026-07-07 16:05:13,693 - INFO - 用户名填写完成
2026-07-07 16:05:13,762 - INFO - 密码填写完成
2026-07-07 16:05:14,762 - INFO - 查找验证码图片...
2026-07-07 16:05:14,783 - INFO - 找到验证码图片，开始截图...
2026-07-07 16:05:14,847 - INFO - 验证码图片截取成功
2026-07-07 16:05:14,848 - INFO - 验证码图片已保存到 /home/runner/work/nju_electric_monitor/nju_electric_monitor/src/../data/captcha_debug.png
2026-07-07 16:05:14,848 - INFO - 验证码图片已保存到 /home/runner/work/nju_electric_monitor/nju_electric_monitor/src/../data/captcha_workflow/captcha_outer1.png
2026-07-07 16:05:14,848 - INFO - 验证码识别（同一图片）尝试 1/3，外层 1/4
2026-07-07 16:05:14,848 - INFO - 开始使用 ddddocr 识别验证码...
2026-07-07 16:05:14,865 - INFO - ddddocr 最终验证码识别结果: EJPU
2026-07-07 16:05:14,865 - INFO - 已将验证码图片重命名为: /home/runner/work/nju_electric_monitor/nju_electric_monitor/src/../data/captcha_workflow/EJPU.png
2026-07-07 16:05:14,865 - INFO - 查找验证码输入框...
2026-07-07 16:05:14,925 - INFO - 通过 XPath 找到 1 个验证码候选输入框，使用第一个。
2026-07-07 16:05:14,982 - INFO - 验证码填写完成
2026-07-07 16:05:15,982 - INFO - 验证码填写完成，点击登录按钮...
2026-07-07 16:05:15,982 - INFO - 查找并点击登录按钮...
2026-07-07 16:05:16,005 - INFO - 通过 ID=login_submit 找到登录按钮
2026-07-07 16:05:21,709 - INFO - 已点击登录按钮
2026-07-07 16:05:30,777 - INFO - 检测到英文验证码错误提示: 'Verification code error \n\t\t\t\t\t\tVerification code error'
2026-07-07 16:05:30,777 - WARNING - 检测到验证码错误提示，将重新加载页面获取新验证码
2026-07-07 16:05:30,777 - INFO - 本轮登录未成功，等待 5 秒后进行下一轮验证码重试...
2026-07-07 16:05:35,777 - INFO - 外层页面重试 2/4
2026-07-07 16:05:43,343 - INFO - 等待登录表单加载...
2026-07-07 16:05:43,350 - INFO - 登录表单已加载
2026-07-07 16:05:43,350 - INFO - 开始填写登录表单...
2026-07-07 16:05:43,417 - INFO - 用户名填写完成
2026-07-07 16:05:43,482 - INFO - 密码填写完成
2026-07-07 16:05:44,482 - INFO - 查找验证码图片...
2026-07-07 16:05:44,496 - INFO - 找到验证码图片，开始截图...
2026-07-07 16:05:44,559 - INFO - 验证码图片截取成功
2026-07-07 16:05:44,560 - INFO - 验证码图片已保存到 /home/runner/work/nju_electric_monitor/nju_electric_monitor/src/../data/captcha_debug.png
2026-07-07 16:05:44,560 - INFO - 验证码图片已保存到 /home/runner/work/nju_electric_monitor/nju_electric_monitor/src/../data/captcha_workflow/captcha_outer2.png
2026-07-07 16:05:44,561 - INFO - 验证码识别（同一图片）尝试 1/3，外层 2/4
2026-07-07 16:05:44,561 - INFO - 开始使用 ddddocr 识别验证码...
2026-07-07 16:05:44,570 - INFO - ddddocr 最终验证码识别结果: YMP5
2026-07-07 16:05:44,570 - INFO - 已将验证码图片重命名为: /home/runner/work/nju_electric_monitor/nju_electric_monitor/src/../data/captcha_workflow/YMP5.png
2026-07-07 16:05:44,570 - INFO - 查找验证码输入框...
2026-07-07 16:05:44,621 - INFO - 通过 XPath 找到 1 个验证码候选输入框，使用第一个。
2026-07-07 16:05:44,680 - INFO - 验证码填写完成
2026-07-07 16:05:45,680 - INFO - 验证码填写完成，点击登录按钮...
2026-07-07 16:05:45,680 - INFO - 查找并点击登录按钮...
2026-07-07 16:05:45,699 - INFO - 通过 ID=login_submit 找到登录按钮
2026-07-07 16:05:52,914 - INFO - 已点击登录按钮
2026-07-07 16:06:01,940 - INFO - 未检测到验证码错误提示，验证码可能通过
2026-07-07 16:06:01,940 - INFO - 等待登录成功...
2026-07-07 16:06:01,950 - INFO - 检测到已跳转到电费页面: https://epay.nju.edu.cn/epay/h5/nju/electric/index
2026-07-07 16:06:01,950 - INFO - 查找'去充值'按钮...
2026-07-07 16:06:01,973 - INFO - 通过文本包含 '去充值' 找到充值按钮
2026-07-07 16:06:06,148 - INFO - 已点击充值按钮
2026-07-07 16:06:09,148 - INFO - 开始提取剩余电量信息...
2026-07-07 16:06:09,164 - INFO - 找到电量信息元素（已省略具体文本以保护隐私）
2026-07-07 16:06:09,165 - WARNING - 未在元素中找到标准格式的电量信息
2026-07-07 16:06:09,178 - INFO - 找到 i 标签中的电量信息（已省略具体文本）
2026-07-07 16:06:09,178 - WARNING - i标签中未找到标准格式的电量信息
2026-07-07 16:06:09,178 - WARNING - 未找到i标签中的电量信息
2026-07-07 16:06:09,181 - INFO - 在页面源码中查找电量信息...
2026-07-07 16:06:09,181 - INFO - 从页面源码中提取到剩余电量: 17.18 度
2026-07-07 16:06:09,196 - INFO - 数据已保存: 17.18 度
2026-07-07 16:06:09,452 - INFO - 电量变化曲线图已保存到: /home/runner/work/nju_electric_monitor/nju_electric_monitor/src/../data/electricity_trend.png
2026-07-07 16:06:09,698 - INFO - 最近20次电量变化曲线图已保存到: /home/runner/work/nju_electric_monitor/nju_electric_monitor/src/../data/recent_20_changes.png
2026-07-07 16:06:09,698 - INFO - 当前剩余电量 17.18 度，高于告警阈值 15.0 度，不发送邮件
2026-07-07 16:06:09,698 - INFO - 监控流程完成
