<<<<<<< HEAD
2026-07-31 23:01:27,620 - ERROR - 浏览器驱动初始化失败: Message: session not created: This version of ChromeDriver only supports Chrome version 145
Current browser version is 150.0.7871.187 with binary path C:\Program Files\Google\Chrome\Application\chrome.exe
Stacktrace:
Symbols not available. Dumping unresolved backtrace:
	0x7ff78e255845
	0x7ff78e2558a0
	0x7ff78dfed73d
	0x7ff78e035a5d
	0x7ff78e0347b5
	0x7ff78e02eb1d
	0x7ff78e0295f9
	0x7ff78e07fc71
	0x7ff78e07f4d6
	0x7ff78e0390a8
	0x7ff78e039f93
	0x7ff78e5272e0
	0x7ff78e52179d
	0x7ff78e54242a
	0x7ff78e271795
	0x7ff78e27a23c
	0x7ff78e25efa4
	0x7ff78e25f156
	0x7ff78e244f37
	0x7ff999c8e8d7
	0x7ff99b15c34c

2026-07-31 23:03:23,218 - WARNING - 本地ChromeDriver初始化失败，尝试使用Selenium Manager自动下载: Message: session not created: This version of ChromeDriver only supports Chrome version 145
Current browser version is 150.0.7871.187 with binary path C:\Program Files\Google\Chrome\Application\chrome.exe
Stacktrace:
Symbols not available. Dumping unresolved backtrace:
	0x7ff78e255845
	0x7ff78e2558a0
	0x7ff78dfed73d
	0x7ff78e035a5d
	0x7ff78e0347b5
	0x7ff78e02eb1d
	0x7ff78e0295f9
	0x7ff78e07fc71
	0x7ff78e07f4d6
	0x7ff78e0390a8
	0x7ff78e039f93
	0x7ff78e5272e0
	0x7ff78e52179d
	0x7ff78e54242a
	0x7ff78e271795
	0x7ff78e27a23c
	0x7ff78e25efa4
	0x7ff78e25f156
	0x7ff78e244f37
	0x7ff999c8e8d7
	0x7ff99b15c34c

2026-07-31 23:03:24,416 - INFO - 使用 Selenium Manager 自动下载的 ChromeDriver
2026-07-31 23:03:28,573 - INFO - ddddocr 识别器初始化成功
2026-07-31 23:03:28,761 - INFO - captcha-recognizer 滑块识别模型初始化成功
2026-07-31 23:03:28,761 - INFO - 开始南京大学电费监控流程（自动无头模式）
2026-07-31 23:03:28,762 - INFO - 已初始化并清空本地验证码图片目录: D:\Documents\Github\nju_electric_monitor\src\..\data\captcha_auto
2026-07-31 23:03:28,762 - INFO - 已获取登录凭据
2026-07-31 23:03:28,762 - INFO - 正在打开页面: https://epay.nju.edu.cn/epay/h5/nju/electric/index
2026-07-31 23:03:32,294 - INFO - 测试模式已开启，本次页面快照目录: D:\Documents\Github\nju_electric_monitor\src\..\data\test_snapshots_auto\20260731_230332
2026-07-31 23:03:32,613 - INFO - [测试模式] 已保存页面快照: D:\Documents\Github\nju_electric_monitor\src\..\data\test_snapshots_auto\20260731_230332\01_01_login_page_loaded.png
2026-07-31 23:03:32,613 - INFO - 等待登录表单加载...
2026-07-31 23:03:32,618 - INFO - 登录表单已加载
2026-07-31 23:03:32,948 - INFO - [测试模式] 已保存页面快照: D:\Documents\Github\nju_electric_monitor\src\..\data\test_snapshots_auto\20260731_230332\02_02_login_form_ready.png
2026-07-31 23:03:32,948 - INFO - 开始填写登录表单...
2026-07-31 23:03:32,996 - INFO - 用户名填写完成
2026-07-31 23:03:33,041 - INFO - 密码填写完成
2026-07-31 23:03:33,387 - INFO - [测试模式] 已保存页面快照: D:\Documents\Github\nju_electric_monitor\src\..\data\test_snapshots_auto\20260731_230332\03_03_form_filled_initial.png
2026-07-31 23:03:33,426 - INFO - 未检测到任何验证方式
2026-07-31 23:03:33,426 - INFO - 当前验证方式: none
2026-07-31 23:03:33,427 - INFO - 未检测到验证方式，直接尝试登录
2026-07-31 23:03:33,427 - INFO - 查找并点击登录按钮...
2026-07-31 23:03:33,444 - INFO - 通过 ID=login_submit 找到登录按钮
2026-07-31 23:03:33,478 - INFO - 已点击登录按钮
2026-07-31 23:03:38,478 - INFO - 查找并点击登录按钮...
2026-07-31 23:03:38,489 - INFO - 通过 ID=login_submit 找到登录按钮
2026-07-31 23:03:39,536 - ERROR - 点击登录按钮时发生异常: Message: element click intercepted: Element <a id="login_submit" href="javascript:void(0);" class="login-btn change-bg-color" onclick="startLogin(this)" style="background-color: rgb(144, 19, 139); cursor: pointer;">...</a> is not clickable at point (791, 512). Other element would receive the click: <div class="card-body">...</div>
  (Session info: chrome=150.0.7871.187)
Stacktrace:
	chromedriver!GetHandleVerifier [0x7ff657520d25+155a5]
	chromedriver!GetHandleVerifier [0x7ff657520d80+15600]
	chromedriver!(No symbol) [0x7ff65707594d]
	chromedriver!(No symbol) [0x7ff6570d8575]
	chromedriver!(No symbol) [0x7ff6570d6193]
	chromedriver!(No symbol) [0x7ff6570d34e7]
	chromedriver!(No symbol) [0x7ff6570d23a0]
	chromedriver!(No symbol) [0x7ff6570c4d98]
	chromedriver!(No symbol) [0x7ff6570f91ca]
	chromedriver!(No symbol) [0x7ff6570c4616]
	chromedriver!(No symbol) [0x7ff65711e01b]
	chromedriver!(No symbol) [0x7ff6570c2e6c]
	chromedriver!(No symbol) [0x7ff6570c3d93]
	chromedriver!GetHandleVerifier [0x7ff657b06431+5facb1]
	chromedriver!GetHandleVerifier [0x7ff657b00a9b+5f531b]
	chromedriver!GetHandleVerifier [0x7ff657b25865+61a0e5]
	chromedriver!GetHandleVerifier [0x7ff65753dace+3234e]
	chromedriver!GetHandleVerifier [0x7ff65754661c+3ae9c]
	chromedriver!GetHandleVerifier [0x7ff65752ab74+1f3f4]
	chromedriver!GetHandleVerifier [0x7ff65752ad04+1f584]
	chromedriver!GetHandleVerifier [0x7ff65750d9d7+2257]
	KERNEL32!BaseThreadInitThunk [0x7ff999c8e8d7+17]
	ntdll!RtlUserThreadStart [0x7ff99b15c34c+2c]

2026-07-31 23:03:39,536 - ERROR - 点击登录按钮失败
2026-07-31 23:03:39,536 - INFO - 等待登录成功...
2026-07-31 23:03:39,541 - INFO - 检测到已跳转到电费页面: https://authserver.nju.edu.cn/authserver/login?service=https%3A%2F%2Fepay.nju.edu.cn%3A443%2Fepay%2Fh5%2Fnju%2Felectric%2Findex
2026-07-31 23:03:39,848 - INFO - [测试模式] 已保存页面快照: D:\Documents\Github\nju_electric_monitor\src\..\data\test_snapshots_auto\20260731_230332\04_06_login_success_electric_page.png
2026-07-31 23:03:39,848 - INFO - 查找'去充值'按钮...
2026-07-31 23:03:39,859 - WARNING - 通过 CSS 选择器未找到'去充值'按钮 div.footer
2026-07-31 23:03:39,859 - ERROR - 未找到可点击的'去充值'按钮
2026-07-31 23:03:39,859 - WARNING - 点击充值按钮失败，尝试直接提取数据
2026-07-31 23:03:39,859 - INFO - 开始提取剩余电量信息...
2026-07-31 23:03:39,864 - WARNING - 未找到电量信息元素，尝试其他方法...
2026-07-31 23:03:39,869 - WARNING - 未找到i标签中的电量信息，尝试其他方法...
2026-07-31 23:03:39,875 - INFO - 在页面源码中查找电量信息...
2026-07-31 23:03:39,881 - WARNING - 未能提取到剩余电量信息
2026-07-31 23:03:39,881 - ERROR - 提取剩余电量失败，认为本次监控流程未成功
2026-07-31 23:03:45,131 - WARNING - 本地ChromeDriver初始化失败，尝试使用Selenium Manager自动下载: Message: session not created: This version of ChromeDriver only supports Chrome version 145
Current browser version is 150.0.7871.187 with binary path C:\Program Files\Google\Chrome\Application\chrome.exe
Stacktrace:
Symbols not available. Dumping unresolved backtrace:
	0x7ff78e255845
	0x7ff78e2558a0
	0x7ff78dfed73d
	0x7ff78e035a5d
	0x7ff78e0347b5
	0x7ff78e02eb1d
	0x7ff78e0295f9
	0x7ff78e07fc71
	0x7ff78e07f4d6
	0x7ff78e0390a8
	0x7ff78e039f93
	0x7ff78e5272e0
	0x7ff78e52179d
	0x7ff78e54242a
	0x7ff78e271795
	0x7ff78e27a23c
	0x7ff78e25efa4
	0x7ff78e25f156
	0x7ff78e244f37
	0x7ff999c8e8d7
	0x7ff99b15c34c

2026-07-31 23:03:46,336 - INFO - 使用 Selenium Manager 自动下载的 ChromeDriver
2026-07-31 23:03:50,447 - INFO - ddddocr 识别器初始化成功
2026-07-31 23:03:50,591 - INFO - captcha-recognizer 滑块识别模型初始化成功
2026-07-31 23:03:50,591 - INFO - 开始南京大学电费监控流程（自动无头模式）
2026-07-31 23:03:50,592 - INFO - 已初始化并清空本地验证码图片目录: D:\Documents\Github\nju_electric_monitor\src\..\data\captcha_auto
2026-07-31 23:03:50,592 - INFO - 已获取登录凭据
2026-07-31 23:03:50,592 - INFO - 正在打开页面: https://epay.nju.edu.cn/epay/h5/nju/electric/index
2026-07-31 23:03:54,128 - INFO - 测试模式已开启，本次页面快照目录: D:\Documents\Github\nju_electric_monitor\src\..\data\test_snapshots_auto\20260731_230354
2026-07-31 23:03:54,447 - INFO - [测试模式] 已保存页面快照: D:\Documents\Github\nju_electric_monitor\src\..\data\test_snapshots_auto\20260731_230354\01_01_login_page_loaded.png
2026-07-31 23:03:54,447 - INFO - 等待登录表单加载...
2026-07-31 23:03:54,452 - INFO - 登录表单已加载
2026-07-31 23:03:54,762 - INFO - [测试模式] 已保存页面快照: D:\Documents\Github\nju_electric_monitor\src\..\data\test_snapshots_auto\20260731_230354\02_02_login_form_ready.png
2026-07-31 23:03:54,762 - INFO - 开始填写登录表单...
2026-07-31 23:03:54,816 - INFO - 用户名填写完成
2026-07-31 23:03:54,849 - INFO - 密码填写完成
2026-07-31 23:03:55,181 - INFO - [测试模式] 已保存页面快照: D:\Documents\Github\nju_electric_monitor\src\..\data\test_snapshots_auto\20260731_230354\03_03_form_filled_initial.png
2026-07-31 23:03:55,201 - INFO - 未检测到任何验证方式
2026-07-31 23:03:55,201 - INFO - 当前验证方式: none
2026-07-31 23:03:55,201 - INFO - 未检测到验证方式，直接尝试登录
2026-07-31 23:03:55,201 - INFO - 查找并点击登录按钮...
2026-07-31 23:03:55,211 - INFO - 通过 ID=login_submit 找到登录按钮
2026-07-31 23:03:55,236 - INFO - 已点击登录按钮
2026-07-31 23:04:00,236 - INFO - 查找并点击登录按钮...
2026-07-31 23:04:00,246 - INFO - 通过 ID=login_submit 找到登录按钮
2026-07-31 23:04:01,310 - ERROR - 点击登录按钮时发生异常: Message: element click intercepted: Element <a id="login_submit" href="javascript:void(0);" class="login-btn change-bg-color" onclick="startLogin(this)" style="background-color: rgb(144, 19, 139); cursor: pointer;">...</a> is not clickable at point (791, 512). Other element would receive the click: <div class="card-body">...</div>
  (Session info: chrome=150.0.7871.187)
Stacktrace:
	chromedriver!GetHandleVerifier [0x7ff657520d25+155a5]
	chromedriver!GetHandleVerifier [0x7ff657520d80+15600]
	chromedriver!(No symbol) [0x7ff65707594d]
	chromedriver!(No symbol) [0x7ff6570d8575]
	chromedriver!(No symbol) [0x7ff6570d6193]
	chromedriver!(No symbol) [0x7ff6570d34e7]
	chromedriver!(No symbol) [0x7ff6570d23a0]
	chromedriver!(No symbol) [0x7ff6570c4d98]
	chromedriver!(No symbol) [0x7ff6570f91ca]
	chromedriver!(No symbol) [0x7ff6570c4616]
	chromedriver!(No symbol) [0x7ff65711e01b]
	chromedriver!(No symbol) [0x7ff6570c2e6c]
	chromedriver!(No symbol) [0x7ff6570c3d93]
	chromedriver!GetHandleVerifier [0x7ff657b06431+5facb1]
	chromedriver!GetHandleVerifier [0x7ff657b00a9b+5f531b]
	chromedriver!GetHandleVerifier [0x7ff657b25865+61a0e5]
	chromedriver!GetHandleVerifier [0x7ff65753dace+3234e]
	chromedriver!GetHandleVerifier [0x7ff65754661c+3ae9c]
	chromedriver!GetHandleVerifier [0x7ff65752ab74+1f3f4]
	chromedriver!GetHandleVerifier [0x7ff65752ad04+1f584]
	chromedriver!GetHandleVerifier [0x7ff65750d9d7+2257]
	KERNEL32!BaseThreadInitThunk [0x7ff999c8e8d7+17]
	ntdll!RtlUserThreadStart [0x7ff99b15c34c+2c]

2026-07-31 23:04:01,310 - ERROR - 点击登录按钮失败
2026-07-31 23:04:01,310 - INFO - 等待登录成功...
2026-07-31 23:04:01,316 - INFO - 检测到已跳转到电费页面: https://authserver.nju.edu.cn/authserver/login?service=https%3A%2F%2Fepay.nju.edu.cn%3A443%2Fepay%2Fh5%2Fnju%2Felectric%2Findex
2026-07-31 23:04:01,611 - INFO - [测试模式] 已保存页面快照: D:\Documents\Github\nju_electric_monitor\src\..\data\test_snapshots_auto\20260731_230354\04_06_login_success_electric_page.png
2026-07-31 23:04:01,611 - INFO - 查找'去充值'按钮...
2026-07-31 23:04:01,621 - WARNING - 通过 CSS 选择器未找到'去充值'按钮 div.footer
2026-07-31 23:04:01,621 - ERROR - 未找到可点击的'去充值'按钮
2026-07-31 23:04:01,621 - WARNING - 点击充值按钮失败，尝试直接提取数据
2026-07-31 23:04:01,621 - INFO - 开始提取剩余电量信息...
2026-07-31 23:04:01,626 - WARNING - 未找到电量信息元素，尝试其他方法...
2026-07-31 23:04:01,631 - WARNING - 未找到i标签中的电量信息，尝试其他方法...
2026-07-31 23:04:01,635 - INFO - 在页面源码中查找电量信息...
2026-07-31 23:04:01,642 - WARNING - 未能提取到剩余电量信息
2026-07-31 23:04:01,642 - ERROR - 提取剩余电量失败，认为本次监控流程未成功
2026-07-31 23:07:55,525 - WARNING - 本地ChromeDriver初始化失败，尝试自动下载匹配版本: Message: session not created: This version of ChromeDriver only supports Chrome version 145
Current browser version is 150.0.7871.187 with binary path C:\Program Files\Google\Chrome\Application\chrome.exe
Stacktrace:
Symbols not available. Dumping unresolved backtrace:
	0x7ff78e255845
	0x7ff78e2558a0
	0x7ff78dfed73d
	0x7ff78e035a5d
	0x7ff78e0347b5
	0x7ff78e02eb1d
	0x7ff78e0295f9
	0x7ff78e07fc71
	0x7ff78e07f4d6
	0x7ff78e0390a8
	0x7ff78e039f93
	0x7ff78e5272e0
	0x7ff78e52179d
	0x7ff78e54242a
	0x7ff78e271795
	0x7ff78e27a23c
	0x7ff78e25efa4
	0x7ff78e25f156
	0x7ff78e244f37
	0x7ff999c8e8d7
	0x7ff99b15c34c

2026-07-31 23:07:55,638 - INFO - ====== WebDriver manager ======
2026-07-31 23:09:26,084 - INFO - Get LATEST chromedriver version for google-chrome
2026-07-31 23:09:29,293 - INFO - WebDriver version 151.0.7922.71 selected
2026-07-31 23:09:29,296 - INFO - Modern chrome version https://storage.googleapis.com/chrome-for-testing-public/151.0.7922.71/win64/chromedriver-win64.zip
2026-07-31 23:09:29,296 - INFO - About to download new driver from https://storage.googleapis.com/chrome-for-testing-public/151.0.7922.71/win64/chromedriver-win64.zip
2026-07-31 23:09:34,299 - ERROR - ChromeDriver 自动下载失败: Could not reach host. Are you offline?
2026-07-31 23:10:15,313 - WARNING - 本地ChromeDriver初始化失败，尝试使用Selenium内置Manager自动下载: Message: session not created: This version of ChromeDriver only supports Chrome version 145
Current browser version is 150.0.7871.187 with binary path C:\Program Files\Google\Chrome\Application\chrome.exe
Stacktrace:
Symbols not available. Dumping unresolved backtrace:
	0x7ff78e255845
	0x7ff78e2558a0
	0x7ff78dfed73d
	0x7ff78e035a5d
	0x7ff78e0347b5
	0x7ff78e02eb1d
	0x7ff78e0295f9
	0x7ff78e07fc71
	0x7ff78e07f4d6
	0x7ff78e0390a8
	0x7ff78e039f93
	0x7ff78e5272e0
	0x7ff78e52179d
	0x7ff78e54242a
	0x7ff78e271795
	0x7ff78e27a23c
	0x7ff78e25efa4
	0x7ff78e25f156
	0x7ff78e244f37
	0x7ff999c8e8d7
	0x7ff99b15c34c

2026-07-31 23:10:16,528 - INFO - 使用 Selenium 内置 Manager 自动下载的 ChromeDriver
2026-07-31 23:10:20,655 - INFO - ddddocr 识别器初始化成功
2026-07-31 23:10:20,835 - INFO - captcha-recognizer 滑块识别模型初始化成功
2026-07-31 23:10:20,835 - INFO - 开始南京大学电费监控流程（自动无头模式）
2026-07-31 23:10:20,835 - INFO - 已初始化并清空本地验证码图片目录: D:\Documents\Github\nju_electric_monitor\src\..\data\captcha_auto
2026-07-31 23:10:20,835 - INFO - 已获取登录凭据
2026-07-31 23:10:20,835 - INFO - 正在打开页面: https://epay.nju.edu.cn/epay/h5/nju/electric/index
2026-07-31 23:10:24,452 - INFO - 测试模式已开启，本次页面快照目录: D:\Documents\Github\nju_electric_monitor\src\..\data\test_snapshots_auto\20260731_231024
2026-07-31 23:10:24,772 - INFO - [测试模式] 已保存页面快照: D:\Documents\Github\nju_electric_monitor\src\..\data\test_snapshots_auto\20260731_231024\01_01_login_page_loaded.png
2026-07-31 23:10:24,772 - INFO - 等待登录表单加载...
2026-07-31 23:10:24,777 - INFO - 登录表单已加载
2026-07-31 23:10:25,118 - INFO - [测试模式] 已保存页面快照: D:\Documents\Github\nju_electric_monitor\src\..\data\test_snapshots_auto\20260731_231024\02_02_login_form_ready.png
2026-07-31 23:10:25,118 - INFO - 开始填写登录表单...
2026-07-31 23:10:25,178 - INFO - 用户名填写完成
2026-07-31 23:10:25,211 - INFO - 密码填写完成
2026-07-31 23:10:25,552 - INFO - [测试模式] 已保存页面快照: D:\Documents\Github\nju_electric_monitor\src\..\data\test_snapshots_auto\20260731_231024\03_03_form_filled_initial.png
2026-07-31 23:10:25,571 - INFO - 未检测到任何验证方式
2026-07-31 23:10:25,571 - INFO - 登录前验证方式检测: none
2026-07-31 23:10:25,571 - INFO - 未检测到传统验证码，点击登录按钮...
2026-07-31 23:10:25,571 - INFO - 查找并点击登录按钮...
2026-07-31 23:10:25,582 - INFO - 通过 ID=login_submit 找到登录按钮
2026-07-31 23:10:25,607 - INFO - 已点击登录按钮
2026-07-31 23:10:32,623 - INFO - 检测到滑块验证（sliderDiv）
2026-07-31 23:10:32,623 - INFO - 登录后验证方式检测: slider
2026-07-31 23:10:32,623 - INFO - 开始处理滑块验证...
2026-07-31 23:10:34,130 - INFO - 滑块验证第 1/3 轮尝试
2026-07-31 23:10:34,343 - INFO - 滑块缺口 box=[156,67,196,105], confidence=0.951, 截图=278px, DOM=278px, 缩放=1.00x, 拖拽偏移=156px
2026-07-31 23:10:34,343 - INFO - 滑块拖拽尝试 1/2 (偏移=156px)
2026-07-31 23:10:53,129 - INFO - 滑块验证通过（sliderDiv 元素不存在）
2026-07-31 23:10:53,129 - INFO - 滑块验证第 1 轮成功
2026-07-31 23:10:53,129 - INFO - 查找并点击登录按钮...
2026-07-31 23:10:53,142 - ERROR - 未找到登录按钮（ID/XPath/CSS 均未命中）
2026-07-31 23:10:53,142 - ERROR - 点击登录按钮失败
2026-07-31 23:10:53,142 - INFO - 等待登录成功...
2026-07-31 23:10:53,149 - INFO - 检测到已跳转到电费页面: https://epay.nju.edu.cn/epay/h5/nju/electric/index
2026-07-31 23:10:53,188 - INFO - [测试模式] 已保存页面快照: D:\Documents\Github\nju_electric_monitor\src\..\data\test_snapshots_auto\20260731_231024\04_06_login_success_electric_page.png
2026-07-31 23:10:53,188 - INFO - 查找'去充值'按钮...
2026-07-31 23:10:53,201 - INFO - 通过文本包含 '去充值' 找到充值按钮
2026-07-31 23:10:53,748 - INFO - 已点击充值按钮
2026-07-31 23:10:56,749 - INFO - 开始提取剩余电量信息...
2026-07-31 23:10:56,760 - INFO - 找到电量信息元素（已省略具体文本以保护隐私）
2026-07-31 23:10:56,760 - WARNING - 未在元素中找到标准格式的电量信息
2026-07-31 23:10:56,767 - INFO - 找到 i 标签中的电量信息（已省略具体文本）
2026-07-31 23:10:56,767 - WARNING - i标签中未找到标准格式的电量信息
2026-07-31 23:10:56,767 - WARNING - 未找到i标签中的电量信息
2026-07-31 23:10:56,768 - INFO - 在页面源码中查找电量信息...
2026-07-31 23:10:56,768 - INFO - 从页面源码中提取到剩余电量: 33.27 度
2026-07-31 23:10:56,772 - INFO - 数据已保存: 33.27 度
2026-07-31 23:10:57,064 - INFO - 电量变化曲线图已保存到: D:\Documents\Github\nju_electric_monitor\src\..\data\electricity_trend.png
2026-07-31 23:10:57,210 - INFO - 最近20次电量变化曲线图已保存到: D:\Documents\Github\nju_electric_monitor\src\..\data\recent_20_changes.png
2026-07-31 23:10:57,210 - INFO - 监控流程完成
=======
2026-07-31 15:13:25,465 - INFO - Matplotlib 字体设置：使用回退字体列表，首选可用字体: Noto Sans CJK SC
2026-07-31 15:13:27,363 - INFO - 使用指定 ChromeDriver: /usr/bin/chromedriver
2026-07-31 15:13:27,459 - INFO - ddddocr 识别器初始化成功
2026-07-31 15:13:27,571 - INFO - captcha-recognizer 滑块识别模型初始化成功
2026-07-31 15:13:27,571 - INFO - 开始南京大学电费监控流程（自动无头模式）
2026-07-31 15:13:27,571 - INFO - 已初始化并清空验证码图片目录: /home/runner/work/nju_electric_monitor/nju_electric_monitor/src/../data/captcha_workflow
2026-07-31 15:13:27,571 - INFO - 正在打开页面: https://epay.nju.edu.cn/epay/h5/nju/electric/index
2026-07-31 15:13:38,328 - INFO - 等待登录表单加载...
2026-07-31 15:13:38,339 - INFO - 登录表单已加载
2026-07-31 15:13:38,339 - INFO - 开始填写登录表单...
2026-07-31 15:13:38,430 - INFO - 用户名填写完成
2026-07-31 15:13:38,502 - INFO - 密码填写完成
2026-07-31 15:13:38,541 - INFO - 未检测到任何验证方式
2026-07-31 15:13:38,541 - INFO - 登录前验证方式检测: none
2026-07-31 15:13:38,541 - INFO - 未检测到传统验证码，点击登录按钮...
2026-07-31 15:13:38,541 - INFO - 查找并点击登录按钮...
2026-07-31 15:13:38,563 - INFO - 通过 ID=login_submit 找到登录按钮
2026-07-31 15:13:38,615 - INFO - 已点击登录按钮
2026-07-31 15:13:45,641 - INFO - 检测到滑块验证（sliderDiv）
2026-07-31 15:13:45,641 - INFO - 登录后验证方式检测: slider
2026-07-31 15:13:45,641 - INFO - 开始处理滑块验证...
2026-07-31 15:13:47,154 - INFO - 滑块验证第 1/3 轮尝试
2026-07-31 15:13:47,504 - INFO - 滑块缺口 box=[103,51,144,89], confidence=0.956, 截图=278px, DOM=278px, 缩放=1.00x, 拖拽偏移=103px
2026-07-31 15:13:47,504 - INFO - 滑块拖拽尝试 1/2 (偏移=103px)
2026-07-31 15:14:05,510 - INFO - 滑块验证通过（sliderDiv 元素不存在）
2026-07-31 15:14:05,510 - INFO - 滑块验证第 1 轮成功
2026-07-31 15:14:05,510 - INFO - 等待登录成功...
2026-07-31 15:14:05,520 - INFO - 检测到已跳转到电费页面: https://epay.nju.edu.cn/epay/h5/nju/electric/index
2026-07-31 15:14:05,520 - INFO - 查找'去充值'按钮...
2026-07-31 15:14:05,545 - INFO - 通过文本包含 '去充值' 找到充值按钮
2026-07-31 15:14:07,176 - INFO - 已点击充值按钮
2026-07-31 15:14:10,176 - INFO - 开始提取剩余电量信息...
2026-07-31 15:14:10,197 - INFO - 找到电量信息元素（已省略具体文本以保护隐私）
2026-07-31 15:14:10,197 - WARNING - 未在元素中找到标准格式的电量信息
2026-07-31 15:14:10,210 - INFO - 找到 i 标签中的电量信息（已省略具体文本）
2026-07-31 15:14:10,210 - WARNING - i标签中未找到标准格式的电量信息
2026-07-31 15:14:10,210 - WARNING - 未找到i标签中的电量信息
2026-07-31 15:14:10,213 - INFO - 在页面源码中查找电量信息...
2026-07-31 15:14:10,214 - INFO - 从页面源码中提取到剩余电量: 33.27 度
2026-07-31 15:14:10,230 - INFO - 数据已保存: 33.27 度
2026-07-31 15:14:10,477 - INFO - 电量变化曲线图已保存到: /home/runner/work/nju_electric_monitor/nju_electric_monitor/src/../data/electricity_trend.png
2026-07-31 15:14:10,684 - INFO - 最近20次电量变化曲线图已保存到: /home/runner/work/nju_electric_monitor/nju_electric_monitor/src/../data/recent_20_changes.png
2026-07-31 15:14:10,684 - INFO - 当前剩余电量 33.27 度，高于告警阈值 15.0 度，不发送邮件
2026-07-31 15:14:10,684 - INFO - 监控流程完成
<<<<<<< HEAD
>>>>>>> 01e3f0fd3001f61d4f738dea92aa5a76fd402e78
=======
2026-07-31 15:21:24,039 - INFO - Matplotlib 字体设置：使用回退字体列表，首选可用字体: Noto Sans CJK SC
2026-07-31 15:21:25,884 - INFO - 使用指定 ChromeDriver: /usr/bin/chromedriver
2026-07-31 15:21:25,986 - INFO - ddddocr 识别器初始化成功
2026-07-31 15:21:26,086 - INFO - captcha-recognizer 滑块识别模型初始化成功
2026-07-31 15:21:26,086 - INFO - 开始南京大学电费监控流程（自动无头模式）
2026-07-31 15:21:26,087 - INFO - 已初始化并清空验证码图片目录: /home/runner/work/nju_electric_monitor/nju_electric_monitor/src/../data/captcha_workflow
2026-07-31 15:21:26,087 - INFO - 正在打开页面: https://epay.nju.edu.cn/epay/h5/nju/electric/index
2026-07-31 15:21:38,869 - INFO - 等待登录表单加载...
2026-07-31 15:21:38,879 - INFO - 登录表单已加载
2026-07-31 15:21:38,879 - INFO - 开始填写登录表单...
2026-07-31 15:21:38,963 - INFO - 用户名填写完成
2026-07-31 15:21:39,033 - INFO - 密码填写完成
2026-07-31 15:21:39,070 - INFO - 未检测到任何验证方式
2026-07-31 15:21:39,070 - INFO - 登录前验证方式检测: none
2026-07-31 15:21:39,070 - INFO - 未检测到传统验证码，点击登录按钮...
2026-07-31 15:21:39,070 - INFO - 查找并点击登录按钮...
2026-07-31 15:21:39,091 - INFO - 通过 ID=login_submit 找到登录按钮
2026-07-31 15:21:39,140 - INFO - 已点击登录按钮
2026-07-31 15:21:46,165 - INFO - 检测到滑块验证（sliderDiv）
2026-07-31 15:21:46,166 - INFO - 登录后验证方式检测: slider
2026-07-31 15:21:46,166 - INFO - 开始处理滑块验证...
2026-07-31 15:21:47,679 - INFO - 滑块验证第 1/3 轮尝试
2026-07-31 15:21:48,013 - INFO - 滑块缺口 box=[94,87,137,126], confidence=0.948, 截图=278px, DOM=278px, 缩放=1.00x, 拖拽偏移=94px
2026-07-31 15:21:48,014 - INFO - 滑块拖拽尝试 1/2 (偏移=94px)
2026-07-31 15:22:06,048 - INFO - 滑块验证通过（sliderDiv 元素不存在）
2026-07-31 15:22:06,048 - INFO - 滑块验证第 1 轮成功
2026-07-31 15:22:06,048 - INFO - 等待登录成功...
2026-07-31 15:22:06,058 - INFO - 检测到已跳转到电费页面: https://epay.nju.edu.cn/epay/h5/nju/electric/index
2026-07-31 15:22:06,058 - INFO - 查找'去充值'按钮...
2026-07-31 15:22:06,081 - INFO - 通过文本包含 '去充值' 找到充值按钮
2026-07-31 15:22:08,042 - INFO - 已点击充值按钮
2026-07-31 15:22:11,042 - INFO - 开始提取剩余电量信息...
2026-07-31 15:22:11,062 - INFO - 找到电量信息元素（已省略具体文本以保护隐私）
2026-07-31 15:22:11,062 - WARNING - 未在元素中找到标准格式的电量信息
2026-07-31 15:22:11,075 - INFO - 找到 i 标签中的电量信息（已省略具体文本）
2026-07-31 15:22:11,075 - WARNING - i标签中未找到标准格式的电量信息
2026-07-31 15:22:11,075 - WARNING - 未找到i标签中的电量信息
2026-07-31 15:22:11,078 - INFO - 在页面源码中查找电量信息...
2026-07-31 15:22:11,078 - INFO - 从页面源码中提取到剩余电量: 33.27 度
2026-07-31 15:22:11,094 - INFO - 数据已保存: 33.27 度
2026-07-31 15:22:11,336 - INFO - 电量变化曲线图已保存到: /home/runner/work/nju_electric_monitor/nju_electric_monitor/src/../data/electricity_trend.png
2026-07-31 15:22:11,538 - INFO - 最近20次电量变化曲线图已保存到: /home/runner/work/nju_electric_monitor/nju_electric_monitor/src/../data/recent_20_changes.png
2026-07-31 15:22:11,539 - INFO - 当前剩余电量 33.27 度，高于告警阈值 15.0 度，不发送邮件
2026-07-31 15:22:11,539 - INFO - 监控流程完成
>>>>>>> 5719d1edc28822ee219c367424465ba4a309b79c
