2026-07-21 09:23:01,521 - INFO - Matplotlib 字体设置：使用回退字体列表，首选可用字体: Noto Sans CJK SC
2026-07-21 09:23:03,395 - INFO - 使用指定 ChromeDriver: /usr/bin/chromedriver
2026-07-21 09:23:03,470 - INFO - ddddocr 识别器初始化成功
2026-07-21 09:23:03,470 - INFO - 开始南京大学电费监控流程（自动无头模式）
2026-07-21 09:23:03,470 - INFO - 已初始化并清空验证码图片目录: /home/runner/work/nju_electric_monitor/nju_electric_monitor/src/../data/captcha_workflow
2026-07-21 09:23:03,470 - INFO - 正在打开页面: https://epay.nju.edu.cn/epay/h5/nju/electric/index
2026-07-21 09:23:19,137 - INFO - 等待登录表单加载...
2026-07-21 09:23:19,148 - INFO - 登录表单已加载
2026-07-21 09:23:19,148 - INFO - 开始填写登录表单...
2026-07-21 09:23:19,241 - INFO - 用户名填写完成
2026-07-21 09:23:19,315 - INFO - 密码填写完成
2026-07-21 09:23:19,315 - INFO - 开始处理验证码（两层嵌套重试）...
2026-07-21 09:23:19,316 - INFO - 外层页面重试 1/4
2026-07-21 09:23:19,316 - INFO - 等待登录表单加载...
2026-07-21 09:23:19,322 - INFO - 登录表单已加载
2026-07-21 09:23:19,322 - INFO - 开始填写登录表单...
2026-07-21 09:23:19,392 - INFO - 用户名填写完成
2026-07-21 09:23:19,460 - INFO - 密码填写完成
2026-07-21 09:23:20,461 - INFO - 查找验证码图片...
2026-07-21 09:23:20,482 - WARNING - 验证码图片不可见
2026-07-21 09:23:20,482 - INFO - 未检测到验证码图片，可能无需验证码，直接尝试点击登录按钮
2026-07-21 09:23:20,482 - INFO - 查找并点击登录按钮...
2026-07-21 09:23:20,506 - INFO - 通过 ID=login_submit 找到登录按钮
2026-07-21 09:23:20,560 - INFO - 已点击登录按钮
2026-07-21 09:23:25,560 - INFO - 等待登录成功...
2026-07-21 09:23:25,571 - INFO - 检测到已跳转到电费页面: https://authserver.nju.edu.cn/authserver/login?service=https%3A%2F%2Fepay.nju.edu.cn%3A443%2Fepay%2Fh5%2Fnju%2Felectric%2Findex
2026-07-21 09:23:25,571 - INFO - 查找'去充值'按钮...
2026-07-21 09:23:25,593 - WARNING - 通过 CSS 选择器未找到'去充值'按钮 div.footer
2026-07-21 09:23:25,593 - ERROR - 未找到可点击的'去充值'按钮
2026-07-21 09:23:25,593 - WARNING - 点击充值按钮失败，尝试直接提取数据
2026-07-21 09:23:25,593 - INFO - 开始提取剩余电量信息...
2026-07-21 09:23:25,602 - WARNING - 未找到电量信息元素，尝试其他方法...
2026-07-21 09:23:25,611 - WARNING - 未找到i标签中的电量信息，尝试其他方法...
2026-07-21 09:23:25,624 - INFO - 在页面源码中查找电量信息...
2026-07-21 09:23:25,636 - WARNING - 未能提取到剩余电量信息
2026-07-21 09:23:25,636 - ERROR - 提取剩余电量失败，认为本次监控流程未成功，将交由上层重试
