2026-07-18 14:15:25,266 - INFO - Matplotlib 字体设置：使用回退字体列表，首选可用字体: Noto Sans CJK SC
2026-07-18 14:15:27,140 - INFO - 使用指定 ChromeDriver: /usr/bin/chromedriver
2026-07-18 14:15:27,193 - INFO - ddddocr 识别器初始化成功
2026-07-18 14:15:27,193 - INFO - 开始南京大学电费监控流程（自动无头模式）
2026-07-18 14:15:27,193 - INFO - 已初始化并清空验证码图片目录: /home/runner/work/nju_electric_monitor/nju_electric_monitor/src/../data/captcha_workflow
2026-07-18 14:15:27,193 - INFO - 正在打开页面: https://epay.nju.edu.cn/epay/h5/nju/electric/index
2026-07-18 14:15:39,153 - INFO - 等待登录表单加载...
2026-07-18 14:15:39,165 - INFO - 登录表单已加载
2026-07-18 14:15:39,165 - INFO - 开始填写登录表单...
2026-07-18 14:15:39,250 - INFO - 用户名填写完成
2026-07-18 14:15:39,317 - INFO - 密码填写完成
2026-07-18 14:15:39,317 - INFO - 开始处理验证码（两层嵌套重试）...
2026-07-18 14:15:39,317 - INFO - 外层页面重试 1/4
2026-07-18 14:15:39,317 - INFO - 等待登录表单加载...
2026-07-18 14:15:39,323 - INFO - 登录表单已加载
2026-07-18 14:15:39,323 - INFO - 开始填写登录表单...
2026-07-18 14:15:39,386 - INFO - 用户名填写完成
2026-07-18 14:15:39,448 - INFO - 密码填写完成
2026-07-18 14:15:40,448 - INFO - 查找验证码图片...
2026-07-18 14:15:40,470 - INFO - 找到验证码图片，开始截图...
2026-07-18 14:15:40,526 - INFO - 验证码图片截取成功
2026-07-18 14:15:40,527 - INFO - 验证码图片已保存到 /home/runner/work/nju_electric_monitor/nju_electric_monitor/src/../data/captcha_debug.png
2026-07-18 14:15:40,528 - INFO - 验证码图片已保存到 /home/runner/work/nju_electric_monitor/nju_electric_monitor/src/../data/captcha_workflow/captcha_outer1.png
2026-07-18 14:15:40,528 - INFO - 验证码识别（同一图片）尝试 1/3，外层 1/4
2026-07-18 14:15:40,528 - INFO - 开始使用 ddddocr 识别验证码...
2026-07-18 14:15:40,541 - INFO - ddddocr 最终验证码识别结果: BLNJ
2026-07-18 14:15:40,541 - INFO - 已将验证码图片重命名为: /home/runner/work/nju_electric_monitor/nju_electric_monitor/src/../data/captcha_workflow/BLNJ.png
2026-07-18 14:15:40,542 - INFO - 查找验证码输入框...
2026-07-18 14:15:40,589 - INFO - 通过 XPath 找到 1 个验证码候选输入框，使用第一个。
2026-07-18 14:15:40,644 - INFO - 验证码填写完成
2026-07-18 14:15:41,644 - INFO - 验证码填写完成，点击登录按钮...
2026-07-18 14:15:41,644 - INFO - 查找并点击登录按钮...
2026-07-18 14:15:41,666 - INFO - 通过 ID=login_submit 找到登录按钮
2026-07-18 14:15:45,424 - INFO - 已点击登录按钮
2026-07-18 14:15:54,464 - INFO - 未检测到验证码错误提示，验证码可能通过
2026-07-18 14:15:54,464 - INFO - 等待登录成功...
2026-07-18 14:15:54,473 - INFO - 检测到已跳转到电费页面: https://epay.nju.edu.cn/epay/h5/nju/electric/index
2026-07-18 14:15:54,473 - INFO - 查找'去充值'按钮...
2026-07-18 14:15:54,494 - INFO - 通过文本包含 '去充值' 找到充值按钮
2026-07-18 14:15:56,021 - INFO - 已点击充值按钮
2026-07-18 14:15:59,022 - INFO - 开始提取剩余电量信息...
2026-07-18 14:15:59,043 - INFO - 找到电量信息元素（已省略具体文本以保护隐私）
2026-07-18 14:15:59,043 - WARNING - 未在元素中找到标准格式的电量信息
2026-07-18 14:15:59,056 - INFO - 找到 i 标签中的电量信息（已省略具体文本）
2026-07-18 14:15:59,056 - WARNING - i标签中未找到标准格式的电量信息
2026-07-18 14:15:59,056 - WARNING - 未找到i标签中的电量信息
2026-07-18 14:15:59,059 - INFO - 在页面源码中查找电量信息...
2026-07-18 14:15:59,059 - INFO - 从页面源码中提取到剩余电量: 21.55 度
2026-07-18 14:15:59,073 - INFO - 数据已保存: 21.55 度
2026-07-18 14:15:59,309 - INFO - 电量变化曲线图已保存到: /home/runner/work/nju_electric_monitor/nju_electric_monitor/src/../data/electricity_trend.png
2026-07-18 14:15:59,530 - INFO - 最近20次电量变化曲线图已保存到: /home/runner/work/nju_electric_monitor/nju_electric_monitor/src/../data/recent_20_changes.png
2026-07-18 14:15:59,530 - INFO - 当前剩余电量 21.55 度，高于告警阈值 15.0 度，不发送邮件
2026-07-18 14:15:59,530 - INFO - 监控流程完成
