2026-07-15 03:53:00,969 - INFO - Matplotlib 字体设置：使用回退字体列表，首选可用字体: Noto Sans CJK SC
2026-07-15 03:53:02,816 - INFO - 使用指定 ChromeDriver: /usr/bin/chromedriver
2026-07-15 03:53:02,920 - INFO - ddddocr 识别器初始化成功
2026-07-15 03:53:02,920 - INFO - 开始南京大学电费监控流程（自动无头模式）
2026-07-15 03:53:02,920 - INFO - 已初始化并清空验证码图片目录: /home/runner/work/nju_electric_monitor/nju_electric_monitor/src/../data/captcha_workflow
2026-07-15 03:53:02,920 - INFO - 正在打开页面: https://epay.nju.edu.cn/epay/h5/nju/electric/index
2026-07-15 03:53:12,707 - INFO - 等待登录表单加载...
2026-07-15 03:53:12,718 - INFO - 登录表单已加载
2026-07-15 03:53:12,718 - INFO - 开始填写登录表单...
2026-07-15 03:53:12,809 - INFO - 用户名填写完成
2026-07-15 03:53:12,883 - INFO - 密码填写完成
2026-07-15 03:53:12,884 - INFO - 开始处理验证码（两层嵌套重试）...
2026-07-15 03:53:12,884 - INFO - 外层页面重试 1/4
2026-07-15 03:53:12,884 - INFO - 等待登录表单加载...
2026-07-15 03:53:12,890 - INFO - 登录表单已加载
2026-07-15 03:53:12,890 - INFO - 开始填写登录表单...
2026-07-15 03:53:12,962 - INFO - 用户名填写完成
2026-07-15 03:53:13,031 - INFO - 密码填写完成
2026-07-15 03:53:14,031 - INFO - 查找验证码图片...
2026-07-15 03:53:14,053 - INFO - 找到验证码图片，开始截图...
2026-07-15 03:53:14,112 - INFO - 验证码图片截取成功
2026-07-15 03:53:14,113 - INFO - 验证码图片已保存到 /home/runner/work/nju_electric_monitor/nju_electric_monitor/src/../data/captcha_debug.png
2026-07-15 03:53:14,114 - INFO - 验证码图片已保存到 /home/runner/work/nju_electric_monitor/nju_electric_monitor/src/../data/captcha_workflow/captcha_outer1.png
2026-07-15 03:53:14,114 - INFO - 验证码识别（同一图片）尝试 1/3，外层 1/4
2026-07-15 03:53:14,114 - INFO - 开始使用 ddddocr 识别验证码...
2026-07-15 03:53:14,123 - INFO - ddddocr 最终验证码识别结果: HTT4
2026-07-15 03:53:14,123 - INFO - 已将验证码图片重命名为: /home/runner/work/nju_electric_monitor/nju_electric_monitor/src/../data/captcha_workflow/HTT4.png
2026-07-15 03:53:14,123 - INFO - 查找验证码输入框...
2026-07-15 03:53:14,188 - INFO - 通过 XPath 找到 1 个验证码候选输入框，使用第一个。
2026-07-15 03:53:14,247 - INFO - 验证码填写完成
2026-07-15 03:53:15,248 - INFO - 验证码填写完成，点击登录按钮...
2026-07-15 03:53:15,248 - INFO - 查找并点击登录按钮...
2026-07-15 03:53:15,271 - INFO - 通过 ID=login_submit 找到登录按钮
2026-07-15 03:53:19,098 - INFO - 已点击登录按钮
2026-07-15 03:53:28,137 - INFO - 未检测到验证码错误提示，验证码可能通过
2026-07-15 03:53:28,137 - INFO - 等待登录成功...
2026-07-15 03:53:28,147 - INFO - 检测到已跳转到电费页面: https://epay.nju.edu.cn/epay/h5/nju/electric/index
2026-07-15 03:53:28,148 - INFO - 查找'去充值'按钮...
2026-07-15 03:53:28,172 - INFO - 通过文本包含 '去充值' 找到充值按钮
2026-07-15 03:53:29,377 - INFO - 已点击充值按钮
2026-07-15 03:53:32,377 - INFO - 开始提取剩余电量信息...
2026-07-15 03:53:32,388 - WARNING - 未找到电量信息元素，尝试其他方法...
2026-07-15 03:53:32,396 - WARNING - 未找到i标签中的电量信息，尝试其他方法...
2026-07-15 03:53:32,399 - INFO - 在页面源码中查找电量信息...
2026-07-15 03:53:32,410 - WARNING - 未能提取到剩余电量信息
2026-07-15 03:53:32,410 - ERROR - 提取剩余电量失败，认为本次监控流程未成功，将交由上层重试
