2026-07-03 04:35:51,747 - INFO - Matplotlib 字体设置：使用回退字体列表，首选可用字体: Noto Sans CJK SC
2026-07-03 04:35:53,544 - INFO - 使用指定 ChromeDriver: /usr/bin/chromedriver
2026-07-03 04:35:53,624 - INFO - ddddocr 识别器初始化成功
2026-07-03 04:35:53,624 - INFO - 开始南京大学电费监控流程（自动无头模式）
2026-07-03 04:35:53,625 - INFO - 已初始化并清空验证码图片目录: /home/runner/work/nju_electric_monitor/nju_electric_monitor/src/../data/captcha_workflow
2026-07-03 04:35:53,625 - INFO - 正在打开页面: https://epay.nju.edu.cn/epay/h5/nju/electric/index
2026-07-03 04:36:08,311 - INFO - 等待登录表单加载...
2026-07-03 04:36:08,321 - INFO - 登录表单已加载
2026-07-03 04:36:08,321 - INFO - 开始填写登录表单...
2026-07-03 04:36:08,409 - INFO - 用户名填写完成
2026-07-03 04:36:08,481 - INFO - 密码填写完成
2026-07-03 04:36:08,481 - INFO - 开始处理验证码（两层嵌套重试）...
2026-07-03 04:36:08,481 - INFO - 外层页面重试 1/4
2026-07-03 04:36:08,481 - INFO - 等待登录表单加载...
2026-07-03 04:36:08,487 - INFO - 登录表单已加载
2026-07-03 04:36:08,487 - INFO - 开始填写登录表单...
2026-07-03 04:36:08,555 - INFO - 用户名填写完成
2026-07-03 04:36:08,624 - INFO - 密码填写完成
2026-07-03 04:36:09,624 - INFO - 查找验证码图片...
2026-07-03 04:36:09,645 - INFO - 找到验证码图片，开始截图...
2026-07-03 04:36:09,700 - INFO - 验证码图片截取成功
2026-07-03 04:36:09,701 - INFO - 验证码图片已保存到 /home/runner/work/nju_electric_monitor/nju_electric_monitor/src/../data/captcha_debug.png
2026-07-03 04:36:09,702 - INFO - 验证码图片已保存到 /home/runner/work/nju_electric_monitor/nju_electric_monitor/src/../data/captcha_workflow/captcha_outer1.png
2026-07-03 04:36:09,702 - INFO - 验证码识别（同一图片）尝试 1/3，外层 1/4
2026-07-03 04:36:09,702 - INFO - 开始使用 ddddocr 识别验证码...
2026-07-03 04:36:09,721 - INFO - ddddocr 最终验证码识别结果: T6TF
2026-07-03 04:36:09,722 - INFO - 已将验证码图片重命名为: /home/runner/work/nju_electric_monitor/nju_electric_monitor/src/../data/captcha_workflow/T6TF.png
2026-07-03 04:36:09,722 - INFO - 查找验证码输入框...
2026-07-03 04:36:09,780 - INFO - 通过 XPath 找到 1 个验证码候选输入框，使用第一个。
2026-07-03 04:36:09,837 - INFO - 验证码填写完成
2026-07-03 04:36:10,837 - INFO - 验证码填写完成，点击登录按钮...
2026-07-03 04:36:10,837 - INFO - 查找并点击登录按钮...
2026-07-03 04:36:10,860 - INFO - 通过 ID=login_submit 找到登录按钮
2026-07-03 04:36:15,386 - INFO - 已点击登录按钮
2026-07-03 04:36:24,454 - INFO - 检测到英文验证码错误提示: 'Verification code error \n\t\t\t\t\t\tVerification code error'
2026-07-03 04:36:24,454 - WARNING - 检测到验证码错误提示，将重新加载页面获取新验证码
2026-07-03 04:36:24,454 - INFO - 本轮登录未成功，等待 5 秒后进行下一轮验证码重试...
2026-07-03 04:36:29,454 - INFO - 外层页面重试 2/4
2026-07-03 04:36:34,429 - INFO - 等待登录表单加载...
2026-07-03 04:36:34,435 - INFO - 登录表单已加载
2026-07-03 04:36:34,436 - INFO - 开始填写登录表单...
2026-07-03 04:36:34,504 - INFO - 用户名填写完成
2026-07-03 04:36:34,572 - INFO - 密码填写完成
2026-07-03 04:36:35,573 - INFO - 查找验证码图片...
2026-07-03 04:36:35,587 - INFO - 找到验证码图片，开始截图...
2026-07-03 04:36:35,629 - INFO - 验证码图片截取成功
2026-07-03 04:36:35,630 - INFO - 验证码图片已保存到 /home/runner/work/nju_electric_monitor/nju_electric_monitor/src/../data/captcha_debug.png
2026-07-03 04:36:35,631 - INFO - 验证码图片已保存到 /home/runner/work/nju_electric_monitor/nju_electric_monitor/src/../data/captcha_workflow/captcha_outer2.png
2026-07-03 04:36:35,631 - INFO - 验证码识别（同一图片）尝试 1/3，外层 2/4
2026-07-03 04:36:35,631 - INFO - 开始使用 ddddocr 识别验证码...
2026-07-03 04:36:35,643 - INFO - ddddocr 最终验证码识别结果: Q5AL
2026-07-03 04:36:35,643 - INFO - 已将验证码图片重命名为: /home/runner/work/nju_electric_monitor/nju_electric_monitor/src/../data/captcha_workflow/Q5AL.png
2026-07-03 04:36:35,643 - INFO - 查找验证码输入框...
2026-07-03 04:36:35,692 - INFO - 通过 XPath 找到 1 个验证码候选输入框，使用第一个。
2026-07-03 04:36:35,751 - INFO - 验证码填写完成
2026-07-03 04:36:36,751 - INFO - 验证码填写完成，点击登录按钮...
2026-07-03 04:36:36,751 - INFO - 查找并点击登录按钮...
2026-07-03 04:36:36,771 - INFO - 通过 ID=login_submit 找到登录按钮
2026-07-03 04:36:41,698 - INFO - 已点击登录按钮
2026-07-03 04:36:50,724 - INFO - 未检测到验证码错误提示，验证码可能通过
2026-07-03 04:36:50,724 - INFO - 等待登录成功...
2026-07-03 04:36:50,734 - INFO - 检测到已跳转到电费页面: https://epay.nju.edu.cn/epay/h5/nju/electric/index
2026-07-03 04:36:50,734 - INFO - 查找'去充值'按钮...
2026-07-03 04:36:50,757 - INFO - 通过文本包含 '去充值' 找到充值按钮
2026-07-03 04:36:52,520 - INFO - 已点击充值按钮
2026-07-03 04:36:55,520 - INFO - 开始提取剩余电量信息...
2026-07-03 04:36:55,540 - INFO - 找到电量信息元素（已省略具体文本以保护隐私）
2026-07-03 04:36:55,540 - WARNING - 未在元素中找到标准格式的电量信息
2026-07-03 04:36:55,631 - INFO - 找到 i 标签中的电量信息（已省略具体文本）
2026-07-03 04:36:55,631 - WARNING - i标签中未找到标准格式的电量信息
2026-07-03 04:36:55,631 - WARNING - 未找到i标签中的电量信息
2026-07-03 04:36:55,634 - INFO - 在页面源码中查找电量信息...
2026-07-03 04:36:55,635 - INFO - 从页面源码中提取到剩余电量: 46.2 度
2026-07-03 04:36:55,649 - INFO - 数据已保存: 46.2 度
2026-07-03 04:36:55,908 - INFO - 电量变化曲线图已保存到: /home/runner/work/nju_electric_monitor/nju_electric_monitor/src/../data/electricity_trend.png
2026-07-03 04:36:56,162 - INFO - 最近20次电量变化曲线图已保存到: /home/runner/work/nju_electric_monitor/nju_electric_monitor/src/../data/recent_20_changes.png
2026-07-03 04:36:56,163 - INFO - 当前剩余电量 46.2 度，高于告警阈值 15.0 度，不发送邮件
2026-07-03 04:36:56,163 - INFO - 监控流程完成
