2026-09-03 11:50:29,213 - INFO - Matplotlib 字体设置：使用回退字体列表，首选可用字体: Noto Sans CJK SC
2026-09-03 11:50:31,177 - INFO - 使用指定 ChromeDriver: /usr/bin/chromedriver
2026-09-03 11:50:31,293 - INFO - ddddocr 识别器初始化成功
2026-09-03 11:50:31,457 - INFO - captcha-recognizer 滑块识别模型初始化成功
2026-09-03 11:50:31,457 - INFO - 开始南京大学电费监控流程（自动无头模式）
2026-09-03 11:50:31,458 - INFO - 已初始化并清空验证码图片目录: /home/runner/work/nju_electric_monitor/nju_electric_monitor/src/../data/captcha_workflow
2026-09-03 11:50:31,458 - INFO - 正在打开页面: https://epay.nju.edu.cn/epay/h5/nju/electric/index
2026-09-03 11:50:48,363 - INFO - 等待登录表单加载...
2026-09-03 11:50:48,372 - INFO - 登录表单已加载
2026-09-03 11:50:48,372 - INFO - 开始填写登录表单...
2026-09-03 11:50:48,444 - INFO - 用户名填写完成
2026-09-03 11:50:48,505 - INFO - 密码填写完成
2026-09-03 11:50:48,538 - INFO - 未检测到任何验证方式
2026-09-03 11:50:48,538 - INFO - 登录前验证方式检测: none
2026-09-03 11:50:48,538 - INFO - 未检测到传统验证码，点击登录按钮...
2026-09-03 11:50:48,539 - INFO - 查找并点击登录按钮...
2026-09-03 11:50:48,558 - INFO - 通过 ID=login_submit 找到登录按钮
2026-09-03 11:50:48,603 - INFO - 已点击登录按钮
2026-09-03 11:50:55,628 - INFO - 检测到滑块验证（sliderDiv）
2026-09-03 11:50:55,628 - INFO - 登录后验证方式检测: slider
2026-09-03 11:50:55,628 - INFO - 开始处理滑块验证...
2026-09-03 11:50:57,140 - INFO - 滑块验证第 1/3 轮尝试
2026-09-03 11:50:57,489 - INFO - 滑块缺口 box=[87,51,128,89], confidence=0.948, 截图=278px, DOM=278px, 缩放=1.00x, 拖拽偏移=87px
2026-09-03 11:50:57,489 - INFO - 滑块拖拽尝试 1/2 (偏移=87px)
2026-09-03 11:51:15,225 - INFO - 滑块验证通过（sliderDiv 元素不存在）
2026-09-03 11:51:15,225 - INFO - 滑块验证第 1 轮成功
2026-09-03 11:51:15,225 - INFO - 等待登录成功...
2026-09-03 11:51:15,234 - INFO - 检测到已跳转到电费页面: https://epay.nju.edu.cn/epay/h5/nju/electric/index
2026-09-03 11:51:15,234 - INFO - 查找'去充值'按钮...
2026-09-03 11:51:15,255 - INFO - 通过文本包含 '去充值' 找到充值按钮
2026-09-03 11:51:16,950 - INFO - 已点击充值按钮
2026-09-03 11:51:19,950 - INFO - 开始提取剩余电量信息...
2026-09-03 11:51:19,968 - INFO - 找到电量信息元素（已省略具体文本以保护隐私）
2026-09-03 11:51:19,968 - WARNING - 未在元素中找到标准格式的电量信息
2026-09-03 11:51:19,979 - INFO - 找到 i 标签中的电量信息（已省略具体文本）
2026-09-03 11:51:19,980 - WARNING - i标签中未找到标准格式的电量信息
2026-09-03 11:51:19,980 - WARNING - 未找到i标签中的电量信息
2026-09-03 11:51:19,983 - INFO - 在页面源码中查找电量信息...
2026-09-03 11:51:19,983 - INFO - 从页面源码中提取到剩余电量: 10.35 度
2026-09-03 11:51:20,001 - INFO - 数据已保存: 10.35 度
2026-09-03 11:51:20,259 - INFO - 电量变化曲线图已保存到: /home/runner/work/nju_electric_monitor/nju_electric_monitor/src/../data/electricity_trend.png
2026-09-03 11:51:20,484 - INFO - 最近20次电量变化曲线图已保存到: /home/runner/work/nju_electric_monitor/nju_electric_monitor/src/../data/recent_20_changes.png
2026-09-03 11:51:20,486 - INFO - 已将最近20次电费曲线图以内嵌方式添加到邮件: /home/runner/work/nju_electric_monitor/nju_electric_monitor/src/../data/recent_20_changes.png
2026-09-03 11:51:23,807 - INFO - 电量低于阈值（10.35 度），已发送邮件提醒到: ['1615372377@qq.com']
2026-09-03 11:51:23,974 - INFO - 监控流程完成
